Archive member included to satisfy reference by file (symbol)

e:/microchip studio/7.0/toolchain/arm/arm-gnu-toolchain/bin/../lib/gcc/arm-none-eabi/6.3.1/thumb/v6-m\libgcc.a(_aeabi_uldivmod.o)
                              hpl/sercom/hpl_sercom.o (__aeabi_uldivmod)
e:/microchip studio/7.0/toolchain/arm/arm-gnu-toolchain/bin/../lib/gcc/arm-none-eabi/6.3.1/thumb/v6-m\libgcc.a(_muldi3.o)
                              hpl/sercom/hpl_sercom.o (__aeabi_lmul)
e:/microchip studio/7.0/toolchain/arm/arm-gnu-toolchain/bin/../lib/gcc/arm-none-eabi/6.3.1/thumb/v6-m\libgcc.a(_fixunsdfsi.o)
                              hpl/sercom/hpl_sercom.o (__aeabi_d2uiz)
e:/microchip studio/7.0/toolchain/arm/arm-gnu-toolchain/bin/../lib/gcc/arm-none-eabi/6.3.1/thumb/v6-m\libgcc.a(_udivmoddi4.o)
                              e:/microchip studio/7.0/toolchain/arm/arm-gnu-toolchain/bin/../lib/gcc/arm-none-eabi/6.3.1/thumb/v6-m\libgcc.a(_aeabi_uldivmod.o) (__udivmoddi4)
e:/microchip studio/7.0/toolchain/arm/arm-gnu-toolchain/bin/../lib/gcc/arm-none-eabi/6.3.1/thumb/v6-m\libgcc.a(divdf3.o)
                              hpl/sercom/hpl_sercom.o (__aeabi_ddiv)
e:/microchip studio/7.0/toolchain/arm/arm-gnu-toolchain/bin/../lib/gcc/arm-none-eabi/6.3.1/thumb/v6-m\libgcc.a(muldf3.o)
                              hpl/sercom/hpl_sercom.o (__aeabi_dmul)
e:/microchip studio/7.0/toolchain/arm/arm-gnu-toolchain/bin/../lib/gcc/arm-none-eabi/6.3.1/thumb/v6-m\libgcc.a(subdf3.o)
                              hpl/sercom/hpl_sercom.o (__aeabi_dsub)
e:/microchip studio/7.0/toolchain/arm/arm-gnu-toolchain/bin/../lib/gcc/arm-none-eabi/6.3.1/thumb/v6-m\libgcc.a(fixdfsi.o)
                              e:/microchip studio/7.0/toolchain/arm/arm-gnu-toolchain/bin/../lib/gcc/arm-none-eabi/6.3.1/thumb/v6-m\libgcc.a(_fixunsdfsi.o) (__aeabi_d2iz)
e:/microchip studio/7.0/toolchain/arm/arm-gnu-toolchain/bin/../lib/gcc/arm-none-eabi/6.3.1/thumb/v6-m\libgcc.a(floatsidf.o)
                              hpl/sercom/hpl_sercom.o (__aeabi_i2d)
e:/microchip studio/7.0/toolchain/arm/arm-gnu-toolchain/bin/../lib/gcc/arm-none-eabi/6.3.1/thumb/v6-m\libgcc.a(floatunsidf.o)
                              hpl/sercom/hpl_sercom.o (__aeabi_ui2d)
e:/microchip studio/7.0/toolchain/arm/arm-gnu-toolchain/bin/../lib/gcc/arm-none-eabi/6.3.1/thumb/v6-m\libgcc.a(_dvmd_tls.o)
                              e:/microchip studio/7.0/toolchain/arm/arm-gnu-toolchain/bin/../lib/gcc/arm-none-eabi/6.3.1/thumb/v6-m\libgcc.a(_aeabi_uldivmod.o) (__aeabi_ldiv0)
e:/microchip studio/7.0/toolchain/arm/arm-gnu-toolchain/bin/../lib/gcc/arm-none-eabi/6.3.1/thumb/v6-m\libgcc.a(_arm_cmpdf2.o)
                              e:/microchip studio/7.0/toolchain/arm/arm-gnu-toolchain/bin/../lib/gcc/arm-none-eabi/6.3.1/thumb/v6-m\libgcc.a(_fixunsdfsi.o) (__aeabi_dcmpge)
e:/microchip studio/7.0/toolchain/arm/arm-gnu-toolchain/bin/../lib/gcc/arm-none-eabi/6.3.1/thumb/v6-m\libgcc.a(_clzsi2.o)
                              e:/microchip studio/7.0/toolchain/arm/arm-gnu-toolchain/bin/../lib/gcc/arm-none-eabi/6.3.1/thumb/v6-m\libgcc.a(divdf3.o) (__clzsi2)
e:/microchip studio/7.0/toolchain/arm/arm-gnu-toolchain/bin/../lib/gcc/arm-none-eabi/6.3.1/thumb/v6-m\libgcc.a(_clzdi2.o)
                              e:/microchip studio/7.0/toolchain/arm/arm-gnu-toolchain/bin/../lib/gcc/arm-none-eabi/6.3.1/thumb/v6-m\libgcc.a(_udivmoddi4.o) (__clzdi2)
e:/microchip studio/7.0/toolchain/arm/arm-gnu-toolchain/bin/../lib/gcc/arm-none-eabi/6.3.1/thumb/v6-m\libgcc.a(eqdf2.o)
                              e:/microchip studio/7.0/toolchain/arm/arm-gnu-toolchain/bin/../lib/gcc/arm-none-eabi/6.3.1/thumb/v6-m\libgcc.a(_arm_cmpdf2.o) (__eqdf2)
e:/microchip studio/7.0/toolchain/arm/arm-gnu-toolchain/bin/../lib/gcc/arm-none-eabi/6.3.1/thumb/v6-m\libgcc.a(gedf2.o)
                              e:/microchip studio/7.0/toolchain/arm/arm-gnu-toolchain/bin/../lib/gcc/arm-none-eabi/6.3.1/thumb/v6-m\libgcc.a(_arm_cmpdf2.o) (__gedf2)
e:/microchip studio/7.0/toolchain/arm/arm-gnu-toolchain/bin/../lib/gcc/arm-none-eabi/6.3.1/thumb/v6-m\libgcc.a(ledf2.o)
                              e:/microchip studio/7.0/toolchain/arm/arm-gnu-toolchain/bin/../lib/gcc/arm-none-eabi/6.3.1/thumb/v6-m\libgcc.a(_arm_cmpdf2.o) (__ledf2)
e:/microchip studio/7.0/toolchain/arm/arm-gnu-toolchain/bin/../lib/gcc/arm-none-eabi/6.3.1/../../../../arm-none-eabi/lib/thumb/v6-m\libc_nano.a(lib_a-exit.o)
                              e:/microchip studio/7.0/toolchain/arm/arm-gnu-toolchain/bin/../lib/gcc/arm-none-eabi/6.3.1/../../../../arm-none-eabi/lib/thumb/v6-m/crt0.o (exit)
e:/microchip studio/7.0/toolchain/arm/arm-gnu-toolchain/bin/../lib/gcc/arm-none-eabi/6.3.1/../../../../arm-none-eabi/lib/thumb/v6-m\libc_nano.a(lib_a-impure.o)
                              e:/microchip studio/7.0/toolchain/arm/arm-gnu-toolchain/bin/../lib/gcc/arm-none-eabi/6.3.1/../../../../arm-none-eabi/lib/thumb/v6-m\libc_nano.a(lib_a-exit.o) (_global_impure_ptr)
[...]
Memory Configuration

Name             Origin             Length             Attributes
rom              0x00000000         0x00040000         xr
ram              0x20000000         0x00008000         xrw
*default*        0x00000000         0xffffffff

Linker script and memory map

LOAD e:/microchip studio/7.0/toolchain/arm/arm-gnu-toolchain/bin/../lib/gcc/arm-none-eabi/6.3.1/thumb/v6-m/crti.o
LOAD e:/microchip studio/7.0/toolchain/arm/arm-gnu-toolchain/bin/../lib/gcc/arm-none-eabi/6.3.1/thumb/v6-m/crtbegin.o
LOAD e:/microchip studio/7.0/toolchain/arm/arm-gnu-toolchain/bin/../lib/gcc/arm-none-eabi/6.3.1/../../../../arm-none-eabi/lib/thumb/v6-m/crt0.o
LOAD APP_AFETask/AFE_opr.o
LOAD atmel_start.o
LOAD Device_Startup/startup_samc21.o
LOAD Device_Startup/system_samc21.o
LOAD driver_init.o
LOAD drv/drv_can.o
LOAD examples/driver_examples.o
LOAD freertos.o
LOAD FreeRtos_Source/list.o
LOAD FreeRtos_Source/portable/heap_4.o
LOAD FreeRtos_Source/portable/port.o
LOAD FreeRtos_Source/queue.o
LOAD FreeRtos_Source/tasks.o
LOAD FreeRtos_Source/timers.o
LOAD hal/src/hal_atomic.o
LOAD hal/src/hal_can_async.o
LOAD hal/src/hal_delay.o
LOAD hal/src/hal_flash.o
LOAD hal/src/hal_gpio.o
LOAD hal/src/hal_init.o
LOAD hal/src/hal_io.o
LOAD hal/src/hal_sleep.o
LOAD hal/src/hal_spi_m_sync.o
LOAD hal/src/hal_timer.o
LOAD hal/src/hal_wdt.o
LOAD hal/utils/src/utils_assert.o
LOAD hal/utils/src/utils_event.o
LOAD hal/utils/src/utils_list.o
LOAD hal/utils/src/utils_syscalls.o
LOAD hpl/can/hpl_can.o
LOAD hpl/core/hpl_core_m0plus_base.o
LOAD hpl/core/hpl_init.o
LOAD hpl/divas/hpl_divas.o
LOAD hpl/dmac/hpl_dmac.o
LOAD hpl/gclk/hpl_gclk.o
LOAD hpl/mclk/hpl_mclk.o
LOAD hpl/nvmctrl/hpl_nvmctrl.o
LOAD hpl/osc32kctrl/hpl_osc32kctrl.o
LOAD hpl/oscctrl/hpl_oscctrl.o
LOAD hpl/pm/hpl_pm.o
LOAD hpl/sercom/hpl_sercom.o
LOAD hpl/tc/hpl_tc.o
LOAD hpl/wdt/hpl_wdt.o
LOAD main.o
LOAD RTT/SEGGER_RTT.o
LOAD RTT/SEGGER_RTT_ASM_ARMv7M.o
LOAD RTT/SEGGER_RTT_printf.o
START GROUP
LOAD e:/microchip studio/7.0/toolchain/arm/arm-gnu-toolchain/bin/../lib/gcc/arm-none-eabi/6.3.1/../../../../arm-none-eabi/lib/thumb/v6-m\libm.a
END GROUP
START GROUP
LOAD e:/microchip studio/7.0/toolchain/arm/arm-gnu-toolchain/bin/../lib/gcc/arm-none-eabi/6.3.1/thumb/v6-m\libgcc.a
LOAD e:/microchip studio/7.0/toolchain/arm/arm-gnu-toolchain/bin/../lib/gcc/arm-none-eabi/6.3.1/../../../../arm-none-eabi/lib/thumb/v6-m\libc_nano.a
END GROUP
START GROUP
LOAD e:/microchip studio/7.0/toolchain/arm/arm-gnu-toolchain/bin/../lib/gcc/arm-none-eabi/6.3.1/thumb/v6-m\libgcc.a
LOAD e:/microchip studio/7.0/toolchain/arm/arm-gnu-toolchain/bin/../lib/gcc/arm-none-eabi/6.3.1/../../../../arm-none-eabi/lib/thumb/v6-m\libc_nano.a
END GROUP
LOAD e:/microchip studio/7.0/toolchain/arm/arm-gnu-toolchain/bin/../lib/gcc/arm-none-eabi/6.3.1/thumb/v6-m/crtend.o
LOAD e:/microchip studio/7.0/toolchain/arm/arm-gnu-toolchain/bin/../lib/gcc/arm-none-eabi/6.3.1/thumb/v6-m/crtn.o
                0x00002000                STACK_SIZE = DEFINED (STACK_SIZE)?STACK_SIZE:DEFINED (__stack_size__)?__stack_size__:0x2000

.text           0x00000000     0x23e0
                0x00000000                . = ALIGN (0x4)
                0x00000000                _sfixed = .
 *(.vectors .vectors.*)
 .vectors       0x00000000       0xbc Device_Startup/startup_samc21.o
                0x00000000                exception_table
 *(.text .text.* .gnu.linkonce.t.*)
 .text          0x000000bc       0x60 e:/microchip studio/7.0/toolchain/arm/arm-gnu-toolchain/bin/../lib/gcc/arm-none-eabi/6.3.1/thumb/v6-m/crtbegin.o
 .text.atmel_start_init
                0x0000011c        0xc atmel_start.o
                0x0000011c                atmel_start_init
 .text.Dummy_Handler
                0x00000128        0x2 Device_Startup/startup_samc21.o
                0x00000128                SVCall_Handler
                0x00000128                DMAC_Handler
                0x00000128                HardFault_Handler
                0x00000128                TC2_Handler
                0x00000128                AC_Handler
                0x00000128                SERCOM1_Handler
                0x00000128                NonMaskableInt_Handler
                0x00000128                TCC1_Handler
                0x00000128                SERCOM2_Handler
                0x00000128                TCC0_Handler
                0x00000128                RTC_Handler
                0x00000128                ADC1_Handler
                0x00000128                EIC_Handler
                0x00000128                WDT_Handler
                0x00000128                TC4_Handler
                0x00000128                TC3_Handler
                0x00000128                SDADC_Handler
                0x00000128                Dummy_Handler
                0x00000128                SERCOM5_Handler
                0x00000128                ADC0_Handler
                0x00000128                TSENS_Handler
                0x00000128                TCC2_Handler
                0x00000128                EVSYS_Handler
                0x00000128                SERCOM3_Handler
                0x00000128                SERCOM4_Handler
                0x00000128                SYSTEM_Handler
                0x00000128                SERCOM0_Handler
                0x00000128                DAC_Handler
                0x00000128                PTC_Handler
                0x00000128                FREQM_Handler
 *fill*         0x0000012a        0x2 
 .text.Reset_Handler
                0x0000012c       0x68 Device_Startup/startup_samc21.o
                0x0000012c                Reset_Handler
 .text.TIMER_0_init
                0x00000194       0x40 driver_init.o
 .text.TIMER_1_init
                0x000001d4       0x40 driver_init.o
 .text.FLASH_0_CLOCK_init
                0x00000214       0x10 driver_init.o
                0x00000214                FLASH_0_CLOCK_init
 .text.FLASH_0_init
                0x00000224       0x20 driver_init.o
                0x00000224                FLASH_0_init
 .text.SPI_0_PORT_init
                0x00000244       0xb4 driver_init.o
                0x00000244                SPI_0_PORT_init
 .text.SPI_0_CLOCK_init
                0x000002f8       0x24 driver_init.o
                0x000002f8                SPI_0_CLOCK_init
 .text.SPI_0_init
                0x0000031c       0x28 driver_init.o
                0x0000031c                SPI_0_init
 .text.WDT_0_CLOCK_init
                0x00000344       0x14 driver_init.o
                0x00000344                WDT_0_CLOCK_init
 .text.WDT_0_init
                0x00000358       0x34 driver_init.o
                0x00000358                WDT_0_init
 .text.CAN_1_PORT_init
                0x0000038c       0x42 driver_init.o
                0x0000038c                CAN_1_PORT_init
 *fill*         0x000003ce        0x2 
 .text.CAN_1_init
                0x000003d0       0x3c driver_init.o
                0x000003d0                CAN_1_init
 .text.CAN_0_PORT_init
                0x0000040c       0x42 driver_init.o
                0x0000040c                CAN_0_PORT_init
 *fill*         0x0000044e        0x2 
 .text.CAN_0_init
                0x00000450       0x3c driver_init.o
                0x00000450                CAN_0_init
 .text.system_init
                0x0000048c       0x74 driver_init.o
                0x0000048c                system_init
 .text.CAN1_tx_callback
                0x00000500        0x2 drv/drv_can.o
                0x00000500                CAN1_tx_callback
 *fill*         0x00000502        0x2 
 .text.CAN1_rx_callback
                0x00000504       0x38 drv/drv_can.o
                0x00000504                CAN1_rx_callback
 .text.CAN1_Init
                0x0000053c       0xb8 drv/drv_can.o
                0x0000053c                CAN1_Init
 .text.vListInsertEnd
                0x000005f4       0x18 FreeRtos_Source/list.o
                0x000005f4                vListInsertEnd
 .text.uxListRemove
                0x0000060c       0x28 FreeRtos_Source/list.o
                0x0000060c                uxListRemove
 .text.ulSetInterruptMaskFromISR
                0x00000634        0x8 FreeRtos_Source/portable/port.o
                0x00000634                ulSetInterruptMaskFromISR
 .text.vClearInterruptMaskFromISR
                0x0000063c        0x6 FreeRtos_Source/portable/port.o
                0x0000063c                vClearInterruptMaskFromISR
 *fill*         0x00000642        0xe 
 .text.PendSV_Handler
                0x00000650       0x44 FreeRtos_Source/portable/port.o
                0x00000650                PendSV_Handler
 .text.SysTick_Handler
                0x00000694       0x30 FreeRtos_Source/portable/port.o
                0x00000694                SysTick_Handler
 .text.prvResetNextTaskUnblockTime
                0x000006c4       0x28 FreeRtos_Source/tasks.o
 .text.xTaskIncrementTick
                0x000006ec      0x100 FreeRtos_Source/tasks.o
                0x000006ec                xTaskIncrementTick
 .text.vTaskSwitchContext
                0x000007ec       0x84 FreeRtos_Source/tasks.o
                0x000007ec                vTaskSwitchContext
 .text.can_tx_done
                0x00000870        0xc hal/src/hal_can_async.o
 .text.can_rx_done
                0x0000087c        0xc hal/src/hal_can_async.o
 .text.can_irq_handler
                0x00000888        0xc hal/src/hal_can_async.o
 .text.can_async_init
                0x00000894       0x54 hal/src/hal_can_async.o
                0x00000894                can_async_init
 .text.can_async_enable
                0x000008e8       0x28 hal/src/hal_can_async.o
                0x000008e8                can_async_enable
 .text.can_async_read
                0x00000910       0x38 hal/src/hal_can_async.o
                0x00000910                can_async_read
 .text.can_async_write
                0x00000948       0x38 hal/src/hal_can_async.o
                0x00000948                can_async_write
 .text.can_async_register_callback
                0x00000980       0x50 hal/src/hal_can_async.o
                0x00000980                can_async_register_callback
 .text.can_async_set_filter
                0x000009d0       0x34 hal/src/hal_can_async.o
                0x000009d0                can_async_set_filter
 .text.flash_ready
                0x00000a04        0xc hal/src/hal_flash.o
 .text.flash_error
                0x00000a10        0xc hal/src/hal_flash.o
 .text.flash_init
                0x00000a1c       0x4c hal/src/hal_flash.o
                0x00000a1c                flash_init
 .text.spi_m_sync_init
                0x00000a68       0x58 hal/src/hal_spi_m_sync.o
                0x00000a68                spi_m_sync_init
 .text.spi_m_sync_transfer
                0x00000ac0       0x48 hal/src/hal_spi_m_sync.o
                0x00000ac0                spi_m_sync_transfer
 .text._spi_m_sync_io_write
                0x00000b08       0x3c hal/src/hal_spi_m_sync.o
 .text._spi_m_sync_io_read
                0x00000b44       0x3c hal/src/hal_spi_m_sync.o
 .text.timer_add_timer_task
                0x00000b80       0x58 hal/src/hal_timer.o
 .text.timer_process_counted
                0x00000bd8       0x64 hal/src/hal_timer.o
 .text.timer_init
                0x00000c3c       0x44 hal/src/hal_timer.o
                0x00000c3c                timer_init
 .text.assert   0x00000c80        0x8 hal/utils/src/utils_assert.o
                0x00000c80                assert
 .text.is_list_element
                0x00000c88       0x16 hal/utils/src/utils_list.o
                0x00000c88                is_list_element
 *fill*         0x00000c9e        0x2 
 .text.list_insert_as_head
                0x00000ca0       0x2c hal/utils/src/utils_list.o
                0x00000ca0                list_insert_as_head
 .text.list_insert_after
                0x00000ccc        0x8 hal/utils/src/utils_list.o
                0x00000ccc                list_insert_after
 .text.list_remove_head
                0x00000cd4       0x12 hal/utils/src/utils_list.o
                0x00000cd4                list_remove_head
 *fill*         0x00000ce6        0x2 
 .text._can_async_init
                0x00000ce8      0x1e8 hpl/can/hpl_can.o
                0x00000ce8                _can_async_init
 .text._can_async_enable
                0x00000ed0        0xe hpl/can/hpl_can.o
                0x00000ed0                _can_async_enable
 *fill*         0x00000ede        0x2 
 .text._can_async_read
                0x00000ee0       0xdc hpl/can/hpl_can.o
                0x00000ee0                _can_async_read
 .text._can_async_write
                0x00000fbc      0x174 hpl/can/hpl_can.o
                0x00000fbc                _can_async_write
 .text._can_async_set_irq_state
                0x00001130       0x54 hpl/can/hpl_can.o
                0x00001130                _can_async_set_irq_state
 .text._can_async_set_filter
                0x00001184       0x8c hpl/can/hpl_can.o
                0x00001184                _can_async_set_filter
 .text.CAN0_Handler
                0x00001210       0x70 hpl/can/hpl_can.o
                0x00001210                CAN0_Handler
 .text.CAN1_Handler
                0x00001280       0x70 hpl/can/hpl_can.o
                0x00001280                CAN1_Handler
 .text._init_chip
                0x000012f0       0x40 hpl/core/hpl_init.o
                0x000012f0                _init_chip
 .text._div_init
                0x00001330        0xe hpl/divas/hpl_divas.o
                0x00001330                _div_init
 .text.__aeabi_idiv
                0x0000133e       0x36 hpl/divas/hpl_divas.o
                0x0000133e                __aeabi_idiv
 .text.__aeabi_uidiv
                0x00001374       0x36 hpl/divas/hpl_divas.o
                0x00001374                __aeabi_uidiv
 *fill*         0x000013aa        0x2 
 .text.__aeabi_uidivmod
                0x000013ac       0x3c hpl/divas/hpl_divas.o
                0x000013ac                __aeabi_uidivmod
 .text._gclk_init_generators_by_fref
                0x000013e8       0x24 hpl/gclk/hpl_gclk.o
                0x000013e8                _gclk_init_generators_by_fref
 .text._mclk_init
                0x0000140c        0xc hpl/mclk/hpl_mclk.o
                0x0000140c                _mclk_init
 .text._flash_init
                0x00001418       0x60 hpl/nvmctrl/hpl_nvmctrl.o
                0x00001418                _flash_init
 .text.NVMCTRL_Handler
                0x00001478       0x30 hpl/nvmctrl/hpl_nvmctrl.o
                0x00001478                NVMCTRL_Handler
 .text._osc32kctrl_init_sources
                0x000014a8       0x1c hpl/osc32kctrl/hpl_osc32kctrl.o
                0x000014a8                _osc32kctrl_init_sources
 .text._oscctrl_init_sources
                0x000014c4       0x3c hpl/oscctrl/hpl_oscctrl.o
                0x000014c4                _oscctrl_init_sources
 .text._oscctrl_init_referenced_generators
                0x00001500        0x2 hpl/oscctrl/hpl_oscctrl.o
                0x00001500                _oscctrl_init_referenced_generators
 *fill*         0x00001502        0x2 
 .text._sercom_get_hardware_index
                0x00001504       0x10 hpl/sercom/hpl_sercom.o
 .text._spi_m_sync_init
                0x00001514      0x1fc hpl/sercom/hpl_sercom.o
                0x00001514                _spi_m_sync_init
 .text._spi_m_sync_trans
                0x00001710      0x114 hpl/sercom/hpl_sercom.o
                0x00001710                _spi_m_sync_trans
 .text.tc_interrupt_handler
                0x00001824       0x16 hpl/tc/hpl_tc.o
 *fill*         0x0000183a        0x2 
 .text._tc_init_irq_param
                0x0000183c       0x28 hpl/tc/hpl_tc.o
 .text.get_tc_index
                0x00001864       0x5c hpl/tc/hpl_tc.o
 .text._timer_init
                0x000018c0      0x1b8 hpl/tc/hpl_tc.o
                0x000018c0                _timer_init
 .text._tc_get_timer
                0x00001a78        0x4 hpl/tc/hpl_tc.o
                0x00001a78                _tc_get_timer
 .text.TC0_Handler
                0x00001a7c       0x14 hpl/tc/hpl_tc.o
                0x00001a7c                TC0_Handler
 .text.TC1_Handler
                0x00001a90       0x14 hpl/tc/hpl_tc.o
                0x00001a90                TC1_Handler
 .text._wdt_init
                0x00001aa4       0x70 hpl/wdt/hpl_wdt.o
                0x00001aa4                _wdt_init
 .text.main     0x00001b14       0x2c main.o
                0x00001b14                main
 .text._GetAvailWriteSpace
                0x00001b40       0x18 RTT/SEGGER_RTT.o
 .text._WriteNoCheck
                0x00001b58       0x44 RTT/SEGGER_RTT.o
 .text._WriteBlocking
                0x00001b9c       0x74 RTT/SEGGER_RTT.o
 .text._DoInit  0x00001c10       0x6c RTT/SEGGER_RTT.o
 .text.SEGGER_RTT_WriteNoLock
                0x00001c7c       0x7c RTT/SEGGER_RTT.o
                0x00001c7c                SEGGER_RTT_WriteNoLock
 .text.SEGGER_RTT_Write
                0x00001cf8       0x3c RTT/SEGGER_RTT.o
                0x00001cf8                SEGGER_RTT_Write
 .text._StoreChar
                0x00001d34       0x44 RTT/SEGGER_RTT_printf.o
 .text._PrintUnsigned
                0x00001d78      0x114 RTT/SEGGER_RTT_printf.o
 .text._PrintInt
                0x00001e8c      0x100 RTT/SEGGER_RTT_printf.o
 .text.SEGGER_RTT_vprintf
                0x00001f8c      0x1c8 RTT/SEGGER_RTT_printf.o
                0x00001f8c                SEGGER_RTT_vprintf
 .text.SEGGER_RTT_printf
                0x00002154       0x20 RTT/SEGGER_RTT_printf.o
                0x00002154                SEGGER_RTT_printf
 .text.__libc_init_array
                0x00002174       0x48 e:/microchip studio/7.0/toolchain/arm/arm-gnu-toolchain/bin/../lib/gcc/arm-none-eabi/6.3.1/../../../../arm-none-eabi/lib/thumb/v6-m\libc_nano.a(lib_a-init.o)
                0x00002174                __libc_init_array
 .text.memcpy   0x000021bc       0x12 e:/microchip studio/7.0/toolchain/arm/arm-gnu-toolchain/bin/../lib/gcc/arm-none-eabi/6.3.1/../../../../arm-none-eabi/lib/thumb/v6-m\libc_nano.a(lib_a-memcpy-stub.o)
                0x000021bc                memcpy
 .text.memset   0x000021ce       0x10 e:/microchip studio/7.0/toolchain/arm/arm-gnu-toolchain/bin/../lib/gcc/arm-none-eabi/6.3.1/../../../../arm-none-eabi/lib/thumb/v6-m\libc_nano.a(lib_a-memset.o)
                0x000021ce                memset
 *(.glue_7t)
 .glue_7t       0x000021de        0x0 linker stubs
 *(.glue_7)
 .glue_7        0x000021de        0x0 linker stubs
 *(.rodata .rodata* .gnu.linkonce.r.*)
 *fill*         0x000021de        0x2 
 .rodata.str1.4
                0x000021e0       0x19 driver_init.o
 *fill*         0x000021f9        0x3 
 .rodata.str1.4
                0x000021fc       0x1b hal/src/hal_can_async.o
 *fill*         0x00002217        0x1 
 .rodata.str1.4
                0x00002218       0x17 hal/src/hal_flash.o
 *fill*         0x0000222f        0x1 
 .rodata.str1.4
                0x00002230       0x1c hal/src/hal_spi_m_sync.o
 .rodata.str1.4
                0x0000224c       0x17 hal/src/hal_timer.o
 *fill*         0x00002263        0x1 
 .rodata.str1.4
                0x00002264       0x1e hal/utils/src/utils_list.o
 *fill*         0x00002282        0x2 
 .rodata        0x00002284       0x10 hpl/can/hpl_can.o
 .rodata.str1.4
                0x00002294       0x1d hpl/nvmctrl/hpl_nvmctrl.o
 *fill*         0x000022b1        0x3 
 .rodata        0x000022b4       0x4d hpl/sercom/hpl_sercom.o
 *fill*         0x00002301        0x3 
 .rodata.str1.4
                0x00002304       0x1b hpl/sercom/hpl_sercom.o
 *fill*         0x0000231f        0x1 
 .rodata        0x00002320       0x28 hpl/tc/hpl_tc.o
 .rodata.str1.4
                0x00002348       0x13 hpl/tc/hpl_tc.o
 *fill*         0x0000235b        0x1 
 .rodata.str1.4
                0x0000235c       0x15 hpl/wdt/hpl_wdt.o
 *fill*         0x00002371        0x3 
 .rodata.str1.4
                0x00002374        0xb main.o
 *fill*         0x0000237f        0x1 
 .rodata        0x00002380       0x21 RTT/SEGGER_RTT.o
 *fill*         0x000023a1        0x3 
 .rodata.str1.4
                0x000023a4        0xc RTT/SEGGER_RTT.o
                                  0x9 (size before relaxing)
 .rodata        0x000023b0       0x10 RTT/SEGGER_RTT_printf.o
 *(.ARM.extab* .gnu.linkonce.armextab.*)
                0x000023c0                . = ALIGN (0x4)
 *(.init)
 .init          0x000023c0        0x4 e:/microchip studio/7.0/toolchain/arm/arm-gnu-toolchain/bin/../lib/gcc/arm-none-eabi/6.3.1/thumb/v6-m/crti.o
                0x000023c0                _init
 .init          0x000023c4        0x8 e:/microchip studio/7.0/toolchain/arm/arm-gnu-toolchain/bin/../lib/gcc/arm-none-eabi/6.3.1/thumb/v6-m/crtn.o
                0x000023cc                . = ALIGN (0x4)
                0x000023cc                __preinit_array_start = .
 *(.preinit_array)
                0x000023cc                __preinit_array_end = .
                0x000023cc                . = ALIGN (0x4)
                0x000023cc                __init_array_start = .
 *(SORT(.init_array.*))
 *(.init_array)
 .init_array    0x000023cc        0x4 e:/microchip studio/7.0/toolchain/arm/arm-gnu-toolchain/bin/../lib/gcc/arm-none-eabi/6.3.1/thumb/v6-m/crtbegin.o
                0x000023d0                __init_array_end = .
                0x000023d0                . = ALIGN (0x4)
 *crtbegin.o(.ctors)
 *(EXCLUDE_FILE(*crtend.o) .ctors)
 *(SORT(.ctors.*))
 *crtend.o(.ctors)
                0x000023d0                . = ALIGN (0x4)
 *(.fini)
 .fini          0x000023d0        0x4 e:/microchip studio/7.0/toolchain/arm/arm-gnu-toolchain/bin/../lib/gcc/arm-none-eabi/6.3.1/thumb/v6-m/crti.o
                0x000023d0                _fini
 .fini          0x000023d4        0x8 e:/microchip studio/7.0/toolchain/arm/arm-gnu-toolchain/bin/../lib/gcc/arm-none-eabi/6.3.1/thumb/v6-m/crtn.o
                0x000023dc                . = ALIGN (0x4)
                0x000023dc                __fini_array_start = .
 *(.fini_array)
 .fini_array    0x000023dc        0x4 e:/microchip studio/7.0/toolchain/arm/arm-gnu-toolchain/bin/../lib/gcc/arm-none-eabi/6.3.1/thumb/v6-m/crtbegin.o
 *(SORT(.fini_array.*))
                0x000023e0                __fini_array_end = .
 *crtbegin.o(.dtors)
 *(EXCLUDE_FILE(*crtend.o) .dtors)
 *(SORT(.dtors.*))
 *crtend.o(.dtors)
                0x000023e0                . = ALIGN (0x4)
                0x000023e0                _efixed = .
                [!provide]                PROVIDE (__exidx_start, .)

.vfp11_veneer   0x000023e0        0x0
 .vfp11_veneer  0x000023e0        0x0 linker stubs

.v4_bx          0x000023e0        0x0
 .v4_bx         0x000023e0        0x0 linker stubs

.iplt           0x000023e0        0x0
 .iplt          0x000023e0        0x0 e:/microchip studio/7.0/toolchain/arm/arm-gnu-toolchain/bin/../lib/gcc/arm-none-eabi/6.3.1/thumb/v6-m/crtbegin.o

.eh_frame       0x000023e0        0x0
 .eh_frame      0x000023e0        0x0 e:/microchip studio/7.0/toolchain/arm/arm-gnu-toolchain/bin/../lib/gcc/arm-none-eabi/6.3.1/thumb/v6-m/crtbegin.o

.rel.dyn        0x000023e0        0x0
 .rel.iplt      0x000023e0        0x0 e:/microchip studio/7.0/toolchain/arm/arm-gnu-toolchain/bin/../lib/gcc/arm-none-eabi/6.3.1/thumb/v6-m/crtbegin.o

.jcr            0x000023e0        0x0
 .jcr           0x000023e0        0x0 e:/microchip studio/7.0/toolchain/arm/arm-gnu-toolchain/bin/../lib/gcc/arm-none-eabi/6.3.1/thumb/v6-m/crtbegin.o

.igot.plt       0x000023e0        0x0
 .igot.plt      0x000023e0        0x0 e:/microchip studio/7.0/toolchain/arm/arm-gnu-toolchain/bin/../lib/gcc/arm-none-eabi/6.3.1/thumb/v6-m/crtbegin.o

.ARM.exidx
 *(.ARM.exidx* .gnu.linkonce.armexidx.*)
                [!provide]                PROVIDE (__exidx_end, .)
                0x000023e0                . = ALIGN (0x4)
                0x000023e0                _etext = .

.relocate       0x20000000       0x28 load address 0x000023e0
                0x20000000                . = ALIGN (0x4)
                0x20000000                _srelocate = .
 *(.ramfunc .ramfunc.*)
 *(.data .data.*)
 .data          0x20000000       0x28 hpl/can/hpl_can.o
                0x20000000                _can0_context
                0x20000014                _can1_context
                0x20000028                . = ALIGN (0x4)
                0x20000028                _erelocate = .

.bss            0x20000028      0xd44 load address 0x00002408
                0x20000028                . = ALIGN (0x4)
                0x20000028                _sbss = .
                0x20000028                _szero = .
 *(.bss .bss.*)
 .bss           0x20000028       0x1c e:/microchip studio/7.0/toolchain/arm/arm-gnu-toolchain/bin/../lib/gcc/arm-none-eabi/6.3.1/thumb/v6-m/crtbegin.o
 .bss           0x20000044        0x4 drv/drv_can.o
                0x20000044                u32cnt
 .bss           0x20000048      0x104 FreeRtos_Source/tasks.o
                0x20000120                pxCurrentTCB
 .bss           0x2000014c       0xd8 hpl/can/hpl_can.o
 .bss           0x20000224        0x4 hpl/nvmctrl/hpl_nvmctrl.o
 .bss           0x20000228        0x8 hpl/tc/hpl_tc.o
 .bss           0x20000230      0x411 RTT/SEGGER_RTT.o
 *(COMMON)
 *fill*         0x20000641        0x3 
 COMMON         0x20000644       0xc0 driver_init.o
                0x20000644                CAN_0
                0x2000066c                FLASH_0
                0x20000688                CAN_1
                0x200006b0                WDT_0
                0x200006b4                TIMER_1
                0x200006d0                SPI_0
                0x200006e8                TIMER_0
 COMMON         0x20000704      0x5c0 hpl/can/hpl_can.o
                0x20000704                can0_rx_fifo
                0x20000b84                can1_tx_fifo
                0x20000ba4                can1_rx_fifo
                0x20000ca4                can0_tx_fifo
 COMMON         0x20000cc4       0xa8 RTT/SEGGER_RTT.o
                0x20000cc4                _SEGGER_RTT
                0x20000d6c                . = ALIGN (0x4)
                0x20000d6c                _ebss = .
                0x20000d6c                _ezero = .

.stack          0x20000d6c     0x2004 load address 0x0000314c
                0x20000d70                . = ALIGN (0x8)
 *fill*         0x20000d6c        0x4 
                0x20000d70                _sstack = .
                0x20002d70                . = (. + STACK_SIZE)
 *fill*         0x20000d70     0x2000 
                0x20002d70                . = ALIGN (0x8)
                0x20002d70                _estack = .
                0x20002d70                . = ALIGN (0x4)
                0x20002d70                _end = .
OUTPUT(FreeRtos_Motor.elf elf32-littlearm)

.ARM.attributes
                0x00000000       0x28
 .ARM.attributes
                0x00000000       0x1e e:/microchip studio/7.0/toolchain/arm/arm-gnu-toolchain/bin/../lib/gcc/arm-none-eabi/6.3.1/thumb/v6-m/crti.o
 .ARM.attributes
                0x0000001e       0x2c e:/microchip studio/7.0/toolchain/arm/arm-gnu-toolchain/bin/../lib/gcc/arm-none-eabi/6.3.1/thumb/v6-m/crtbegin.o
 .ARM.attributes
                0x0000004a       0x32 atmel_start.o
 .ARM.attributes
                0x0000007c       0x32 Device_Startup/startup_samc21.o
 .ARM.attributes
                0x000000ae       0x32 driver_init.o
 .ARM.attributes
                0x000000e0       0x32 drv/drv_can.o
 .ARM.attributes
                0x00000112       0x32 FreeRtos_Source/list.o
 .ARM.attributes
                0x00000144       0x32 FreeRtos_Source/portable/port.o
 .ARM.attributes
                0x00000176       0x32 FreeRtos_Source/tasks.o
 .ARM.attributes
                0x000001a8       0x32 hal/src/hal_can_async.o
 .ARM.attributes
                0x000001da       0x32 hal/src/hal_flash.o
 .ARM.attributes
                0x0000020c       0x32 hal/src/hal_spi_m_sync.o
 .ARM.attributes
                0x0000023e       0x32 hal/src/hal_timer.o
 .ARM.attributes
                0x00000270       0x32 hal/utils/src/utils_assert.o
 .ARM.attributes
                0x000002a2       0x32 hal/utils/src/utils_list.o
 .ARM.attributes
                0x000002d4       0x32 hpl/can/hpl_can.o
 .ARM.attributes
                0x00000306       0x32 hpl/core/hpl_init.o
 .ARM.attributes
                0x00000338       0x32 hpl/divas/hpl_divas.o
 .ARM.attributes
                0x0000036a       0x32 hpl/gclk/hpl_gclk.o
 .ARM.attributes
                0x0000039c       0x32 hpl/mclk/hpl_mclk.o
 .ARM.attributes
                0x000003ce       0x32 hpl/nvmctrl/hpl_nvmctrl.o
 .ARM.attributes
                0x00000400       0x32 hpl/osc32kctrl/hpl_osc32kctrl.o
 .ARM.attributes
                0x00000432       0x32 hpl/oscctrl/hpl_oscctrl.o
 .ARM.attributes
                0x00000464       0x32 hpl/sercom/hpl_sercom.o
 .ARM.attributes
                0x00000496       0x32 hpl/tc/hpl_tc.o
 .ARM.attributes
                0x000004c8       0x32 hpl/wdt/hpl_wdt.o
 .ARM.attributes
                0x000004fa       0x32 main.o
 .ARM.attributes
                0x0000052c       0x32 RTT/SEGGER_RTT.o
 .ARM.attributes
                0x0000055e       0x32 RTT/SEGGER_RTT_printf.o
 .ARM.attributes
                0x00000590       0x2c e:/microchip studio/7.0/toolchain/arm/arm-gnu-toolchain/bin/../lib/gcc/arm-none-eabi/6.3.1/../../../../arm-none-eabi/lib/thumb/v6-m\libc_nano.a(lib_a-init.o)
 .ARM.attributes
                0x000005bc       0x2c e:/microchip studio/7.0/toolchain/arm/arm-gnu-toolchain/bin/../lib/gcc/arm-none-eabi/6.3.1/../../../../arm-none-eabi/lib/thumb/v6-m\libc_nano.a(lib_a-memcpy-stub.o)
 .ARM.attributes
                0x000005e8       0x2c e:/microchip studio/7.0/toolchain/arm/arm-gnu-toolchain/bin/../lib/gcc/arm-none-eabi/6.3.1/../../../../arm-none-eabi/lib/thumb/v6-m\libc_nano.a(lib_a-memset.o)
 .ARM.attributes
                0x00000614       0x1e e:/microchip studio/7.0/toolchain/arm/arm-gnu-toolchain/bin/../lib/gcc/arm-none-eabi/6.3.1/thumb/v6-m/crtn.o

.comment        0x00000000       0x59
 .comment       0x00000000       0x59 atmel_start.o
                                 0x5a (size before relaxing)
 .comment       0x00000059       0x5a Device_Startup/startup_samc21.o
 .comment       0x00000059       0x5a driver_init.o
 .comment       0x00000059       0x5a drv/drv_can.o
 .comment       0x00000059       0x5a FreeRtos_Source/list.o
 .comment       0x00000059       0x5a FreeRtos_Source/portable/port.o
 .comment       0x00000059       0x5a FreeRtos_Source/tasks.o
 .comment       0x00000059       0x5a hal/src/hal_can_async.o
 .comment       0x00000059       0x5a hal/src/hal_flash.o
 .comment       0x00000059       0x5a hal/src/hal_spi_m_sync.o
 .comment       0x00000059       0x5a hal/src/hal_timer.o
 .comment       0x00000059       0x5a hal/utils/src/utils_assert.o
 .comment       0x00000059       0x5a hal/utils/src/utils_list.o
 .comment       0x00000059       0x5a hpl/can/hpl_can.o
 .comment       0x00000059       0x5a hpl/core/hpl_init.o
 .comment       0x00000059       0x5a hpl/divas/hpl_divas.o
 .comment       0x00000059       0x5a hpl/gclk/hpl_gclk.o
 .comment       0x00000059       0x5a hpl/mclk/hpl_mclk.o
 .comment       0x00000059       0x5a hpl/nvmctrl/hpl_nvmctrl.o
 .comment       0x00000059       0x5a hpl/osc32kctrl/hpl_osc32kctrl.o
 .comment       0x00000059       0x5a hpl/oscctrl/hpl_oscctrl.o
 .comment       0x00000059       0x5a hpl/sercom/hpl_sercom.o
 .comment       0x00000059       0x5a hpl/tc/hpl_tc.o
 .comment       0x00000059       0x5a hpl/wdt/hpl_wdt.o
 .comment       0x00000059       0x5a main.o
 .comment       0x00000059       0x5a RTT/SEGGER_RTT.o
 .comment       0x00000059       0x5a RTT/SEGGER_RTT_printf.o

.debug_info     0x00000000    0x2f787
 .debug_info    0x00000000      0x66c atmel_start.o
 .debug_info    0x0000066c      0x527 Device_Startup/startup_samc21.o
 .debug_info    0x00000b93     0x94e2 driver_init.o
 .debug_info    0x0000a075      0x940 drv/drv_can.o
 .debug_info    0x0000a9b5      0xbde FreeRtos_Source/list.o
 .debug_info    0x0000b593      0x308 FreeRtos_Source/portable/port.o
 .debug_info    0x0000b89b     0x2eeb FreeRtos_Source/tasks.o
 .debug_info    0x0000e786      0xa21 hal/src/hal_can_async.o
 .debug_info    0x0000f1a7      0xc20 hal/src/hal_flash.o
 .debug_info    0x0000fdc7      0x9c9 hal/src/hal_spi_m_sync.o
 .debug_info    0x00010790      0xb91 hal/src/hal_timer.o
 .debug_info    0x00011321      0x107 hal/utils/src/utils_assert.o
 .debug_info    0x00011428      0x314 hal/utils/src/utils_list.o
 .debug_info    0x0001173c     0x5be2 hpl/can/hpl_can.o
 .debug_info    0x0001731e      0x75c hpl/core/hpl_init.o
 .debug_info    0x00017a7a      0x854 hpl/divas/hpl_divas.o
 .debug_info    0x000182ce      0x582 hpl/gclk/hpl_gclk.o
 .debug_info    0x00018850      0x7c2 hpl/mclk/hpl_mclk.o
 .debug_info    0x00019012     0x2c85 hpl/nvmctrl/hpl_nvmctrl.o
 .debug_info    0x0001bc97      0x772 hpl/osc32kctrl/hpl_osc32kctrl.o
 .debug_info    0x0001c409      0xdd6 hpl/oscctrl/hpl_oscctrl.o
 .debug_info    0x0001d1df     0xb316 hpl/sercom/hpl_sercom.o
 .debug_info    0x000284f5     0x28fa hpl/tc/hpl_tc.o
 .debug_info    0x0002adef      0xce9 hpl/wdt/hpl_wdt.o
 .debug_info    0x0002bad8      0x6d9 main.o
 .debug_info    0x0002c1b1     0x2509 RTT/SEGGER_RTT.o
 .debug_info    0x0002e6ba     0x10cd RTT/SEGGER_RTT_printf.o

.debug_abbrev   0x00000000     0x428d
 .debug_abbrev  0x00000000      0x10d atmel_start.o
 .debug_abbrev  0x0000010d      0x142 Device_Startup/startup_samc21.o
 .debug_abbrev  0x0000024f      0x38f driver_init.o
 .debug_abbrev  0x000005de      0x1a2 drv/drv_can.o
 .debug_abbrev  0x00000780      0x221 FreeRtos_Source/list.o
 .debug_abbrev  0x000009a1      0x1c0 FreeRtos_Source/portable/port.o
 .debug_abbrev  0x00000b61      0x38e FreeRtos_Source/tasks.o
 .debug_abbrev  0x00000eef      0x18b hal/src/hal_can_async.o
 .debug_abbrev  0x0000107a      0x1c5 hal/src/hal_flash.o
 .debug_abbrev  0x0000123f      0x1b1 hal/src/hal_spi_m_sync.o
 .debug_abbrev  0x000013f0      0x221 hal/src/hal_timer.o
 .debug_abbrev  0x00001611       0x86 hal/utils/src/utils_assert.o
 .debug_abbrev  0x00001697      0x152 hal/utils/src/utils_list.o
 .debug_abbrev  0x000017e9      0x48d hpl/can/hpl_can.o
 .debug_abbrev  0x00001c76      0x1ce hpl/core/hpl_init.o
 .debug_abbrev  0x00001e44      0x232 hpl/divas/hpl_divas.o
 .debug_abbrev  0x00002076      0x19a hpl/gclk/hpl_gclk.o
 .debug_abbrev  0x00002210      0x1ac hpl/mclk/hpl_mclk.o
 .debug_abbrev  0x000023bc      0x603 hpl/nvmctrl/hpl_nvmctrl.o
 .debug_abbrev  0x000029bf      0x1d1 hpl/osc32kctrl/hpl_osc32kctrl.o
 .debug_abbrev  0x00002b90      0x1f8 hpl/oscctrl/hpl_oscctrl.o
 .debug_abbrev  0x00002d88      0x593 hpl/sercom/hpl_sercom.o
 .debug_abbrev  0x0000331b      0x4f8 hpl/tc/hpl_tc.o
 .debug_abbrev  0x00003813      0x33d hpl/wdt/hpl_wdt.o
 .debug_abbrev  0x00003b50      0x149 main.o
 .debug_abbrev  0x00003c99      0x319 RTT/SEGGER_RTT.o
 .debug_abbrev  0x00003fb2      0x2db RTT/SEGGER_RTT_printf.o

.debug_loc      0x00000000    0x15624
 .debug_loc     0x00000000       0x20 atmel_start.o
 .debug_loc     0x00000020       0x78 Device_Startup/startup_samc21.o
 .debug_loc     0x00000098      0xd6e driver_init.o
 .debug_loc     0x00000e06       0x87 drv/drv_can.o
 .debug_loc     0x00000e8d       0x90 FreeRtos_Source/list.o
 .debug_loc     0x00000f1d      0x126 FreeRtos_Source/portable/port.o
 .debug_loc     0x00001043     0x2811 FreeRtos_Source/tasks.o
 .debug_loc     0x00003854      0x6c4 hal/src/hal_can_async.o
 .debug_loc     0x00003f18      0xd6e hal/src/hal_flash.o
 .debug_loc     0x00004c86      0x728 hal/src/hal_spi_m_sync.o
 .debug_loc     0x000053ae      0x767 hal/src/hal_timer.o
 .debug_loc     0x00005b15      0x213 hal/utils/src/utils_list.o
 .debug_loc     0x00005d28      0xfcd hpl/can/hpl_can.o
 .debug_loc     0x00006cf5       0x4c hpl/core/hpl_init.o
 .debug_loc     0x00006d41      0x2a5 hpl/divas/hpl_divas.o
 .debug_loc     0x00006fe6       0x72 hpl/gclk/hpl_gclk.o
 .debug_loc     0x00007058       0x2c hpl/mclk/hpl_mclk.o
 .debug_loc     0x00007084     0x1f24 hpl/nvmctrl/hpl_nvmctrl.o
 .debug_loc     0x00008fa8       0xa5 hpl/osc32kctrl/hpl_osc32kctrl.o
 .debug_loc     0x0000904d       0x74 hpl/oscctrl/hpl_oscctrl.o
 .debug_loc     0x000090c1     0x7d95 hpl/sercom/hpl_sercom.o
 .debug_loc     0x00010e56      0xb73 hpl/tc/hpl_tc.o
 .debug_loc     0x000119c9      0x954 hpl/wdt/hpl_wdt.o
 .debug_loc     0x0001231d       0x20 main.o
 .debug_loc     0x0001233d     0x2a57 RTT/SEGGER_RTT.o
 .debug_loc     0x00014d94      0x890 RTT/SEGGER_RTT_printf.o

.debug_aranges  0x00000000     0x1028
 .debug_aranges
                0x00000000       0x20 atmel_start.o
 .debug_aranges
                0x00000020       0x28 Device_Startup/startup_samc21.o
 .debug_aranges
                0x00000048       0x88 driver_init.o
 .debug_aranges
                0x000000d0       0x30 drv/drv_can.o
 .debug_aranges
                0x00000100       0x40 FreeRtos_Source/list.o
 .debug_aranges
                0x00000140       0x88 FreeRtos_Source/portable/port.o
 .debug_aranges
                0x000001c8      0x1f8 FreeRtos_Source/tasks.o
 .debug_aranges
                0x000003c0       0x90 hal/src/hal_can_async.o
 .debug_aranges
                0x00000450       0x90 hal/src/hal_flash.o
 .debug_aranges
                0x000004e0       0x88 hal/src/hal_spi_m_sync.o
 .debug_aranges
                0x00000568       0x70 hal/src/hal_timer.o
 .debug_aranges
                0x000005d8       0x20 hal/utils/src/utils_assert.o
 .debug_aranges
                0x000005f8       0x48 hal/utils/src/utils_list.o
 .debug_aranges
                0x00000640       0x80 hpl/can/hpl_can.o
 .debug_aranges
                0x000006c0       0x20 hpl/core/hpl_init.o
 .debug_aranges
                0x000006e0       0x40 hpl/divas/hpl_divas.o
 .debug_aranges
                0x00000720       0x28 hpl/gclk/hpl_gclk.o
 .debug_aranges
                0x00000748       0x20 hpl/mclk/hpl_mclk.o
 .debug_aranges
                0x00000768       0xf0 hpl/nvmctrl/hpl_nvmctrl.o
 .debug_aranges
                0x00000858       0x20 hpl/osc32kctrl/hpl_osc32kctrl.o
 .debug_aranges
                0x00000878       0x28 hpl/oscctrl/hpl_oscctrl.o
 .debug_aranges
                0x000008a0      0x508 hpl/sercom/hpl_sercom.o
 .debug_aranges
                0x00000da8       0x90 hpl/tc/hpl_tc.o
 .debug_aranges
                0x00000e38       0x50 hpl/wdt/hpl_wdt.o
 .debug_aranges
                0x00000e88       0x20 main.o
 .debug_aranges
                0x00000ea8      0x140 RTT/SEGGER_RTT.o
 .debug_aranges
                0x00000fe8       0x40 RTT/SEGGER_RTT_printf.o

.debug_ranges   0x00000000     0x13d0
 .debug_ranges  0x00000000       0x10 atmel_start.o
 .debug_ranges  0x00000010       0x18 Device_Startup/startup_samc21.o
 .debug_ranges  0x00000028       0x78 driver_init.o
 .debug_ranges  0x000000a0       0x20 drv/drv_can.o
 .debug_ranges  0x000000c0       0x30 FreeRtos_Source/list.o
 .debug_ranges  0x000000f0       0x78 FreeRtos_Source/portable/port.o
 .debug_ranges  0x00000168      0x2d8 FreeRtos_Source/tasks.o
 .debug_ranges  0x00000440       0x80 hal/src/hal_can_async.o
 .debug_ranges  0x000004c0       0x80 hal/src/hal_flash.o
 .debug_ranges  0x00000540       0x78 hal/src/hal_spi_m_sync.o
 .debug_ranges  0x000005b8       0x90 hal/src/hal_timer.o
 .debug_ranges  0x00000648       0x10 hal/utils/src/utils_assert.o
 .debug_ranges  0x00000658       0x38 hal/utils/src/utils_list.o
 .debug_ranges  0x00000690       0x70 hpl/can/hpl_can.o
 .debug_ranges  0x00000700       0x10 hpl/core/hpl_init.o
 .debug_ranges  0x00000710       0x30 hpl/divas/hpl_divas.o
 .debug_ranges  0x00000740       0x18 hpl/gclk/hpl_gclk.o
 .debug_ranges  0x00000758       0x10 hpl/mclk/hpl_mclk.o
 .debug_ranges  0x00000768       0xf8 hpl/nvmctrl/hpl_nvmctrl.o
 .debug_ranges  0x00000860       0x10 hpl/osc32kctrl/hpl_osc32kctrl.o
 .debug_ranges  0x00000870       0x18 hpl/oscctrl/hpl_oscctrl.o
 .debug_ranges  0x00000888      0x6c8 hpl/sercom/hpl_sercom.o
 .debug_ranges  0x00000f50       0x98 hpl/tc/hpl_tc.o
 .debug_ranges  0x00000fe8       0x40 hpl/wdt/hpl_wdt.o
 .debug_ranges  0x00001028       0x10 main.o
 .debug_ranges  0x00001038      0x368 RTT/SEGGER_RTT.o
 .debug_ranges  0x000013a0       0x30 RTT/SEGGER_RTT_printf.o

.debug_macro    0x00000000    0x1ed8b
 .debug_macro   0x00000000      0x6b5 atmel_start.o
 .debug_macro   0x000006b5       0x22 atmel_start.o
 .debug_macro   0x000006d7       0x3f atmel_start.o
 .debug_macro   0x00000716       0x1c atmel_start.o
 .debug_macro   0x00000732       0x22 atmel_start.o
 .debug_macro   0x00000754       0xb5 atmel_start.o
 .debug_macro   0x00000809      0x4da atmel_start.o
 .debug_macro   0x00000ce3      0x11f atmel_start.o
 .debug_macro   0x00000e02      0x897 atmel_start.o
 .debug_macro   0x00001699      0x8c0 atmel_start.o
 .debug_macro   0x00001f59     0x2d61 atmel_start.o
 .debug_macro   0x00004cba      0x21e atmel_start.o
 .debug_macro   0x00004ed8      0x282 atmel_start.o
 .debug_macro   0x0000515a      0x130 atmel_start.o
 .debug_macro   0x0000528a      0xd32 atmel_start.o
 .debug_macro   0x00005fbc      0x61f atmel_start.o
 .debug_macro   0x000065db      0x5be atmel_start.o
 .debug_macro   0x00006b99      0x824 atmel_start.o
 .debug_macro   0x000073bd      0x172 atmel_start.o
 .debug_macro   0x0000752f      0x306 atmel_start.o
 .debug_macro   0x00007835      0x55f atmel_start.o
 .debug_macro   0x00007d94      0x421 atmel_start.o
 .debug_macro   0x000081b5      0x21c atmel_start.o
 .debug_macro   0x000083d1      0x719 atmel_start.o
 .debug_macro   0x00008aea      0x5ab atmel_start.o
 .debug_macro   0x00009095      0x335 atmel_start.o
 .debug_macro   0x000093ca      0x68d atmel_start.o
 .debug_macro   0x00009a57       0xc4 atmel_start.o
 .debug_macro   0x00009b1b      0x340 atmel_start.o
 .debug_macro   0x00009e5b       0x6a atmel_start.o
 .debug_macro   0x00009ec5     0x124b atmel_start.o
 .debug_macro   0x0000b110      0x5a5 atmel_start.o
 .debug_macro   0x0000b6b5      0xfc4 atmel_start.o
 .debug_macro   0x0000c679      0x59e atmel_start.o
 .debug_macro   0x0000cc17      0x8ae atmel_start.o
 .debug_macro   0x0000d4c5     0x19be atmel_start.o
 .debug_macro   0x0000ee83      0x39c atmel_start.o
 .debug_macro   0x0000f21f      0x36a atmel_start.o
 .debug_macro   0x0000f589       0x94 atmel_start.o
 .debug_macro   0x0000f61d       0xac atmel_start.o
 .debug_macro   0x0000f6c9       0xac atmel_start.o
 .debug_macro   0x0000f775      0x149 atmel_start.o
 .debug_macro   0x0000f8be      0x149 atmel_start.o
 .debug_macro   0x0000fa07       0x4c atmel_start.o
 .debug_macro   0x0000fa53       0x58 atmel_start.o
 .debug_macro   0x0000faab       0x3a atmel_start.o
 .debug_macro   0x0000fae5       0xd6 atmel_start.o
 .debug_macro   0x0000fbbb       0xb8 atmel_start.o
 .debug_macro   0x0000fc73       0x64 atmel_start.o
 .debug_macro   0x0000fcd7      0x5d7 atmel_start.o
 .debug_macro   0x000102ae       0x4c atmel_start.o
 .debug_macro   0x000102fa      0x1be atmel_start.o
 .debug_macro   0x000104b8      0x184 atmel_start.o
 .debug_macro   0x0001063c       0x52 atmel_start.o
 .debug_macro   0x0001068e       0xa0 atmel_start.o
 .debug_macro   0x0001072e       0xd6 atmel_start.o
 .debug_macro   0x00010804       0x94 atmel_start.o
 .debug_macro   0x00010898       0x4c atmel_start.o
 .debug_macro   0x000108e4       0x64 atmel_start.o
 .debug_macro   0x00010948       0x22 atmel_start.o
 .debug_macro   0x0001096a      0x16c atmel_start.o
 .debug_macro   0x00010ad6       0x2e atmel_start.o
 .debug_macro   0x00010b04       0x16 atmel_start.o
 .debug_macro   0x00010b1a       0xd6 atmel_start.o
 .debug_macro   0x00010bf0       0xa0 atmel_start.o
 .debug_macro   0x00010c90      0x133 atmel_start.o
 .debug_macro   0x00010dc3      0x133 atmel_start.o
 .debug_macro   0x00010ef6      0x133 atmel_start.o
 .debug_macro   0x00011029      0x133 atmel_start.o
 .debug_macro   0x0001115c      0x133 atmel_start.o
 .debug_macro   0x0001128f      0x133 atmel_start.o
 .debug_macro   0x000113c2       0x4c atmel_start.o
 .debug_macro   0x0001140e       0xfa atmel_start.o
 .debug_macro   0x00011508       0xfa atmel_start.o
 .debug_macro   0x00011602       0xfa atmel_start.o
 .debug_macro   0x000116fc       0xfa atmel_start.o
 .debug_macro   0x000117f6       0xfa atmel_start.o
 .debug_macro   0x000118f0      0x124 atmel_start.o
 .debug_macro   0x00011a14       0xfa atmel_start.o
 .debug_macro   0x00011b0e       0xee atmel_start.o
 .debug_macro   0x00011bfc       0x76 atmel_start.o
 .debug_macro   0x00011c72       0x3a atmel_start.o
 .debug_macro   0x00011cac      0x46b atmel_start.o
 .debug_macro   0x00012117     0x2678 atmel_start.o
 .debug_macro   0x0001478f       0x82 atmel_start.o
 .debug_macro   0x00014811       0x10 atmel_start.o
 .debug_macro   0x00014821       0x10 atmel_start.o
 .debug_macro   0x00014831       0x16 atmel_start.o
 .debug_macro   0x00014847       0x16 atmel_start.o
 .debug_macro   0x0001485d       0x16 atmel_start.o
 .debug_macro   0x00014873       0x16 atmel_start.o
 .debug_macro   0x00014889       0x16 atmel_start.o
 .debug_macro   0x0001489f       0x16 atmel_start.o
 .debug_macro   0x000148b5       0x16 atmel_start.o
 .debug_macro   0x000148cb       0x16 atmel_start.o
 .debug_macro   0x000148e1       0x16 atmel_start.o
 .debug_macro   0x000148f7       0x16 atmel_start.o
 .debug_macro   0x0001490d       0x16 atmel_start.o
 .debug_macro   0x00014923       0x16 atmel_start.o
 .debug_macro   0x00014939       0x16 atmel_start.o
 .debug_macro   0x0001494f       0x16 atmel_start.o
 .debug_macro   0x00014965       0x16 atmel_start.o
 .debug_macro   0x0001497b       0x16 atmel_start.o
 .debug_macro   0x00014991       0x16 atmel_start.o
 .debug_macro   0x000149a7       0x16 atmel_start.o
 .debug_macro   0x000149bd       0x16 atmel_start.o
 .debug_macro   0x000149d3       0x16 atmel_start.o
 .debug_macro   0x000149e9       0x16 atmel_start.o
 .debug_macro   0x000149ff      0x262 atmel_start.o
 .debug_macro   0x00014c61       0x16 atmel_start.o
 .debug_macro   0x00014c77       0x94 atmel_start.o
 .debug_macro   0x00014d0b       0x16 atmel_start.o
 .debug_macro   0x00014d21       0xbe atmel_start.o
 .debug_macro   0x00014ddf      0x28c atmel_start.o
 .debug_macro   0x0001506b       0x16 atmel_start.o
 .debug_macro   0x00015081       0x16 atmel_start.o
 .debug_macro   0x00015097       0xca atmel_start.o
 .debug_macro   0x00015161       0x1c atmel_start.o
 .debug_macro   0x0001517d       0x16 atmel_start.o
 .debug_macro   0x00015193       0xcf atmel_start.o
 .debug_macro   0x00015262       0x6a atmel_start.o
 .debug_macro   0x000152cc       0xc9 atmel_start.o
 .debug_macro   0x00015395      0x3ba Device_Startup/startup_samc21.o
 .debug_macro   0x0001574f       0x39 Device_Startup/startup_samc21.o
 .debug_macro   0x00015788      0x6b4 driver_init.o
 .debug_macro   0x00015e3c      0x6c0 drv/drv_can.o
 .debug_macro   0x000164fc      0x18a FreeRtos_Source/list.o
 .debug_macro   0x00016686       0x52 FreeRtos_Source/list.o
 .debug_macro   0x000166d8       0x8d FreeRtos_Source/list.o
 .debug_macro   0x00016765      0x10e FreeRtos_Source/list.o
 .debug_macro   0x00016873       0x86 FreeRtos_Source/list.o
 .debug_macro   0x000168f9       0x57 FreeRtos_Source/list.o
 .debug_macro   0x00016950      0x133 FreeRtos_Source/portable/port.o
 .debug_macro   0x00016a83      0x32a FreeRtos_Source/tasks.o
 .debug_macro   0x00016dad       0x10 FreeRtos_Source/tasks.o
 .debug_macro   0x00016dbd       0x1c FreeRtos_Source/tasks.o
 .debug_macro   0x00016dd9       0x10 FreeRtos_Source/tasks.o
 .debug_macro   0x00016de9       0x10 FreeRtos_Source/tasks.o
 .debug_macro   0x00016df9       0x1c FreeRtos_Source/tasks.o
 .debug_macro   0x00016e15       0x52 FreeRtos_Source/tasks.o
 .debug_macro   0x00016e67       0x40 FreeRtos_Source/tasks.o
 .debug_macro   0x00016ea7       0x10 FreeRtos_Source/tasks.o
 .debug_macro   0x00016eb7       0x40 FreeRtos_Source/tasks.o
 .debug_macro   0x00016ef7       0xd7 FreeRtos_Source/tasks.o
 .debug_macro   0x00016fce       0x16 FreeRtos_Source/tasks.o
 .debug_macro   0x00016fe4      0x18b FreeRtos_Source/tasks.o
 .debug_macro   0x0001716f      0x580 hal/src/hal_can_async.o
 .debug_macro   0x000176ef       0x10 hal/src/hal_can_async.o
 .debug_macro   0x000176ff      0x56f hal/src/hal_flash.o
 .debug_macro   0x00017c6e      0x597 hal/src/hal_spi_m_sync.o
 .debug_macro   0x00018205      0x586 hal/src/hal_timer.o
 .debug_macro   0x0001878b      0x544 hal/utils/src/utils_assert.o
 .debug_macro   0x00018ccf      0x549 hal/utils/src/utils_list.o
 .debug_macro   0x00019218      0x649 hpl/can/hpl_can.o
 .debug_macro   0x00019861      0x2cc hpl/can/hpl_can.o
 .debug_macro   0x00019b2d       0x9e hpl/can/hpl_can.o
 .debug_macro   0x00019bcb      0x5c9 hpl/core/hpl_init.o
 .debug_macro   0x0001a194       0x1c hpl/core/hpl_init.o
 .debug_macro   0x0001a1b0      0x772 hpl/core/hpl_init.o
 .debug_macro   0x0001a922      0x562 hpl/divas/hpl_divas.o
 .debug_macro   0x0001ae84      0x553 hpl/gclk/hpl_gclk.o
 .debug_macro   0x0001b3d7      0x1f4 hpl/gclk/hpl_gclk.o
 .debug_macro   0x0001b5cb      0x54e hpl/mclk/hpl_mclk.o
 .debug_macro   0x0001bb19      0x69c hpl/nvmctrl/hpl_nvmctrl.o
 .debug_macro   0x0001c1b5       0x1c hpl/nvmctrl/hpl_nvmctrl.o
 .debug_macro   0x0001c1d1      0x549 hpl/osc32kctrl/hpl_osc32kctrl.o
 .debug_macro   0x0001c71a       0xb8 hpl/osc32kctrl/hpl_osc32kctrl.o
 .debug_macro   0x0001c7d2      0x549 hpl/oscctrl/hpl_oscctrl.o
 .debug_macro   0x0001cd1b      0x130 hpl/oscctrl/hpl_oscctrl.o
 .debug_macro   0x0001ce4b      0x79c hpl/sercom/hpl_sercom.o
 .debug_macro   0x0001d5e7       0x70 hpl/sercom/hpl_sercom.o
 .debug_macro   0x0001d657       0x94 hpl/sercom/hpl_sercom.o
 .debug_macro   0x0001d6eb       0x10 hpl/sercom/hpl_sercom.o
 .debug_macro   0x0001d6fb       0x1c hpl/sercom/hpl_sercom.o
 .debug_macro   0x0001d717       0x22 hpl/sercom/hpl_sercom.o
 .debug_macro   0x0001d739       0x10 hpl/sercom/hpl_sercom.o
 .debug_macro   0x0001d749      0x5bb hpl/tc/hpl_tc.o
 .debug_macro   0x0001dd04       0x10 hpl/tc/hpl_tc.o
 .debug_macro   0x0001dd14      0x116 hpl/tc/hpl_tc.o
 .debug_macro   0x0001de2a      0x5ac hpl/wdt/hpl_wdt.o
 .debug_macro   0x0001e3d6       0x1c hpl/wdt/hpl_wdt.o
 .debug_macro   0x0001e3f2      0x6c0 main.o
 .debug_macro   0x0001eab2      0x1a2 RTT/SEGGER_RTT.o
 .debug_macro   0x0001ec54      0x137 RTT/SEGGER_RTT_printf.o

.debug_line     0x00000000    0x1491e
 .debug_line    0x00000000      0xc3b atmel_start.o
 .debug_line    0x00000c3b      0x736 Device_Startup/startup_samc21.o
 .debug_line    0x00001371      0xe58 driver_init.o
 .debug_line    0x000021c9      0xc8a drv/drv_can.o
 .debug_line    0x00002e53      0x3f5 FreeRtos_Source/list.o
 .debug_line    0x00003248      0x420 FreeRtos_Source/portable/port.o
 .debug_line    0x00003668      0xff3 FreeRtos_Source/tasks.o
 .debug_line    0x0000465b      0xbd1 hal/src/hal_can_async.o
 .debug_line    0x0000522c      0xca5 hal/src/hal_flash.o
 .debug_line    0x00005ed1      0xbe0 hal/src/hal_spi_m_sync.o
 .debug_line    0x00006ab1      0xc00 hal/src/hal_timer.o
 .debug_line    0x000076b1      0xa2c hal/utils/src/utils_assert.o
 .debug_line    0x000080dd      0xac5 hal/utils/src/utils_list.o
 .debug_line    0x00008ba2      0xfdf hpl/can/hpl_can.o
 .debug_line    0x00009b81      0xb19 hpl/core/hpl_init.o
 .debug_line    0x0000a69a      0xb34 hpl/divas/hpl_divas.o
 .debug_line    0x0000b1ce      0xa7e hpl/gclk/hpl_gclk.o
 .debug_line    0x0000bc4c      0xa54 hpl/mclk/hpl_mclk.o
 .debug_line    0x0000c6a0     0x1143 hpl/nvmctrl/hpl_nvmctrl.o
 .debug_line    0x0000d7e3      0xa6a hpl/osc32kctrl/hpl_osc32kctrl.o
 .debug_line    0x0000e24d      0xa9b hpl/oscctrl/hpl_oscctrl.o
 .debug_line    0x0000ece8     0x29b3 hpl/sercom/hpl_sercom.o
 .debug_line    0x0001169b      0xdcf hpl/tc/hpl_tc.o
 .debug_line    0x0001246a      0xc96 hpl/wdt/hpl_wdt.o
 .debug_line    0x00013100      0xc4c main.o
 .debug_line    0x00013d4c      0x7c9 RTT/SEGGER_RTT.o
 .debug_line    0x00014515      0x409 RTT/SEGGER_RTT_printf.o

.debug_str      0x00000000    0xa2f75
 .debug_str     0x00000000    0x89cc9 atmel_start.o
                              0x8a8c0 (size before relaxing)
 .debug_str     0x00089cc9      0x3e2 Device_Startup/startup_samc21.o
                              0x84cbc (size before relaxing)
 .debug_str     0x0008a0ab     0x2212 driver_init.o
                              0x8cbce (size before relaxing)
 .debug_str     0x0008c2bd      0x132 drv/drv_can.o
                              0x8aa1d (size before relaxing)
 .debug_str     0x0008c3ef     0x6291 FreeRtos_Source/list.o
                               0x9bfa (size before relaxing)
 .debug_str     0x00092680      0xa95 FreeRtos_Source/portable/port.o
                               0x7809 (size before relaxing)
 .debug_str     0x00093115     0x2dc0 FreeRtos_Source/tasks.o
                               0xd1d9 (size before relaxing)
 .debug_str     0x00095ed5      0x15b hal/src/hal_can_async.o
                              0x89d29 (size before relaxing)
 .debug_str     0x00096030      0x191 hal/src/hal_flash.o
                              0x89c65 (size before relaxing)
 .debug_str     0x000961c1      0x2ef hal/src/hal_spi_m_sync.o
                              0x89dc7 (size before relaxing)
 .debug_str     0x000964b0      0x305 hal/src/hal_timer.o
                              0x89d6c (size before relaxing)
 .debug_str     0x000967b5       0x2a hal/utils/src/utils_assert.o
                              0x8943d (size before relaxing)
 .debug_str     0x000967df       0x31 hal/utils/src/utils_list.o
                              0x894e7 (size before relaxing)
 .debug_str     0x00096810     0x1e11 hpl/can/hpl_can.o
                              0x8f271 (size before relaxing)
 .debug_str     0x00098621     0x1968 hpl/core/hpl_init.o
                              0x8ba5d (size before relaxing)
 .debug_str     0x00099f89      0x2ad hpl/divas/hpl_divas.o
                              0x896ae (size before relaxing)
 .debug_str     0x0009a236      0x81b hpl/gclk/hpl_gclk.o
                              0x89d72 (size before relaxing)
 .debug_str     0x0009aa51       0x47 hpl/mclk/hpl_mclk.o
                              0x898c6 (size before relaxing)
 .debug_str     0x0009aa98      0x901 hpl/nvmctrl/hpl_nvmctrl.o
                              0x8d4d4 (size before relaxing)
 .debug_str     0x0009b399      0x51f hpl/osc32kctrl/hpl_osc32kctrl.o
                              0x8994d (size before relaxing)
 .debug_str     0x0009b8b8      0x8db hpl/oscctrl/hpl_oscctrl.o
                              0x89d6d (size before relaxing)
 .debug_str     0x0009c193     0x4820 hpl/sercom/hpl_sercom.o
                              0x8f0d6 (size before relaxing)
 .debug_str     0x000a09b3      0xc79 hpl/tc/hpl_tc.o
                              0x8af3a (size before relaxing)
 .debug_str     0x000a162c      0x452 hpl/wdt/hpl_wdt.o
                              0x899df (size before relaxing)
 .debug_str     0x000a1a7e       0x1e main.o
                              0x8a8e0 (size before relaxing)
 .debug_str     0x000a1a9c     0x1378 RTT/SEGGER_RTT.o
                               0x6d4d (size before relaxing)
 .debug_str     0x000a2e14      0x161 RTT/SEGGER_RTT_printf.o
                               0x6789 (size before relaxing)

.debug_frame    0x00000000     0x2c2c
 .debug_frame   0x00000000       0x28 atmel_start.o
 .debug_frame   0x00000028       0x38 Device_Startup/startup_samc21.o
 .debug_frame   0x00000060      0x15c driver_init.o
 .debug_frame   0x000001bc       0x64 drv/drv_can.o
 .debug_frame   0x00000220       0x6c FreeRtos_Source/list.o
 .debug_frame   0x0000028c      0x10c FreeRtos_Source/portable/port.o
 .debug_frame   0x00000398      0x614 FreeRtos_Source/tasks.o
 .debug_frame   0x000009ac      0x18c hal/src/hal_can_async.o
 .debug_frame   0x00000b38      0x1b8 hal/src/hal_flash.o
 .debug_frame   0x00000cf0      0x188 hal/src/hal_spi_m_sync.o
 .debug_frame   0x00000e78      0x13c hal/src/hal_timer.o
 .debug_frame   0x00000fb4       0x20 hal/utils/src/utils_assert.o
 .debug_frame   0x00000fd4       0x88 hal/utils/src/utils_list.o
 .debug_frame   0x0000105c      0x148 hpl/can/hpl_can.o
 .debug_frame   0x000011a4       0x28 hpl/core/hpl_init.o
 .debug_frame   0x000011cc       0x90 hpl/divas/hpl_divas.o
 .debug_frame   0x0000125c       0x30 hpl/gclk/hpl_gclk.o
 .debug_frame   0x0000128c       0x20 hpl/mclk/hpl_mclk.o
 .debug_frame   0x000012ac      0x2dc hpl/nvmctrl/hpl_nvmctrl.o
 .debug_frame   0x00001588       0x20 hpl/osc32kctrl/hpl_osc32kctrl.o
 .debug_frame   0x000015a8       0x30 hpl/oscctrl/hpl_oscctrl.o
 .debug_frame   0x000015d8      0xe9c hpl/sercom/hpl_sercom.o
 .debug_frame   0x00002474      0x140 hpl/tc/hpl_tc.o
 .debug_frame   0x000025b4       0xc0 hpl/wdt/hpl_wdt.o
 .debug_frame   0x00002674       0x28 main.o
 .debug_frame   0x0000269c      0x45c RTT/SEGGER_RTT.o
 .debug_frame   0x00002af8       0xc0 RTT/SEGGER_RTT_printf.o
 .debug_frame   0x00002bb8       0x2c e:/microchip studio/7.0/toolchain/arm/arm-gnu-toolchain/bin/../lib/gcc/arm-none-eabi/6.3.1/../../../../arm-none-eabi/lib/thumb/v6-m\libc_nano.a(lib_a-init.o)
 .debug_frame   0x00002be4       0x28 e:/microchip studio/7.0/toolchain/arm/arm-gnu-toolchain/bin/../lib/gcc/arm-none-eabi/6.3.1/../../../../arm-none-eabi/lib/thumb/v6-m\libc_nano.a(lib_a-memcpy-stub.o)
 .debug_frame   0x00002c0c       0x20 e:/microchip studio/7.0/toolchain/arm/arm-gnu-toolchain/bin/../lib/gcc/arm-none-eabi/6.3.1/../../../../arm-none-eabi/lib/thumb/v6-m\libc_nano.a(lib_a-memset.o)
