Archive member included to satisfy reference by file (symbol)

e:/microchip studio/7.0/toolchain/arm/arm-gnu-toolchain/bin/../lib/gcc/arm-none-eabi/6.3.1/thumb/v6-m\libgcc.a(_aeabi_uldivmod.o)
                              hpl/sercom/hpl_sercom.o (__aeabi_uldivmod)
e:/microchip studio/7.0/toolchain/arm/arm-gnu-toolchain/bin/../lib/gcc/arm-none-eabi/6.3.1/thumb/v6-m\libgcc.a(_muldi3.o)
                              hpl/sercom/hpl_sercom.o (__aeabi_lmul)
e:/microchip studio/7.0/toolchain/arm/arm-gnu-toolchain/bin/../lib/gcc/arm-none-eabi/6.3.1/thumb/v6-m\libgcc.a(_fixunsdfsi.o)
                              hpl/sercom/hpl_sercom.o (__aeabi_d2uiz)
e:/microchip studio/7.0/toolchain/arm/arm-gnu-toolchain/bin/../lib/gcc/arm-none-eabi/6.3.1/thumb/v6-m\libgcc.a(_udivmoddi4.o)
                              e:/microchip studio/7.0/toolchain/arm/arm-gnu-toolchain/bin/../lib/gcc/arm-none-eabi/6.3.1/thumb/v6-m\libgcc.a(_aeabi_uldivmod.o) (__udivmoddi4)
e:/microchip studio/7.0/toolchain/arm/arm-gnu-toolchain/bin/../lib/gcc/arm-none-eabi/6.3.1/thumb/v6-m\libgcc.a(divdf3.o)
                              hpl/sercom/hpl_sercom.o (__aeabi_ddiv)
e:/microchip studio/7.0/toolchain/arm/arm-gnu-toolchain/bin/../lib/gcc/arm-none-eabi/6.3.1/thumb/v6-m\libgcc.a(muldf3.o)
                              hpl/sercom/hpl_sercom.o (__aeabi_dmul)
e:/microchip studio/7.0/toolchain/arm/arm-gnu-toolchain/bin/../lib/gcc/arm-none-eabi/6.3.1/thumb/v6-m\libgcc.a(subdf3.o)
                              hpl/sercom/hpl_sercom.o (__aeabi_dsub)
e:/microchip studio/7.0/toolchain/arm/arm-gnu-toolchain/bin/../lib/gcc/arm-none-eabi/6.3.1/thumb/v6-m\libgcc.a(fixdfsi.o)
                              e:/microchip studio/7.0/toolchain/arm/arm-gnu-toolchain/bin/../lib/gcc/arm-none-eabi/6.3.1/thumb/v6-m\libgcc.a(_fixunsdfsi.o) (__aeabi_d2iz)
e:/microchip studio/7.0/toolchain/arm/arm-gnu-toolchain/bin/../lib/gcc/arm-none-eabi/6.3.1/thumb/v6-m\libgcc.a(floatsidf.o)
                              hpl/sercom/hpl_sercom.o (__aeabi_i2d)
e:/microchip studio/7.0/toolchain/arm/arm-gnu-toolchain/bin/../lib/gcc/arm-none-eabi/6.3.1/thumb/v6-m\libgcc.a(floatunsidf.o)
                              hpl/sercom/hpl_sercom.o (__aeabi_ui2d)
e:/microchip studio/7.0/toolchain/arm/arm-gnu-toolchain/bin/../lib/gcc/arm-none-eabi/6.3.1/thumb/v6-m\libgcc.a(_dvmd_tls.o)
                              e:/microchip studio/7.0/toolchain/arm/arm-gnu-toolchain/bin/../lib/gcc/arm-none-eabi/6.3.1/thumb/v6-m\libgcc.a(_aeabi_uldivmod.o) (__aeabi_ldiv0)
e:/microchip studio/7.0/toolchain/arm/arm-gnu-toolchain/bin/../lib/gcc/arm-none-eabi/6.3.1/thumb/v6-m\libgcc.a(_arm_cmpdf2.o)
                              e:/microchip studio/7.0/toolchain/arm/arm-gnu-toolchain/bin/../lib/gcc/arm-none-eabi/6.3.1/thumb/v6-m\libgcc.a(_fixunsdfsi.o) (__aeabi_dcmpge)
e:/microchip studio/7.0/toolchain/arm/arm-gnu-toolchain/bin/../lib/gcc/arm-none-eabi/6.3.1/thumb/v6-m\libgcc.a(_clzsi2.o)
                              e:/microchip studio/7.0/toolchain/arm/arm-gnu-toolchain/bin/../lib/gcc/arm-none-eabi/6.3.1/thumb/v6-m\libgcc.a(divdf3.o) (__clzsi2)
e:/microchip studio/7.0/toolchain/arm/arm-gnu-toolchain/bin/../lib/gcc/arm-none-eabi/6.3.1/thumb/v6-m\libgcc.a(_clzdi2.o)
                              e:/microchip studio/7.0/toolchain/arm/arm-gnu-toolchain/bin/../lib/gcc/arm-none-eabi/6.3.1/thumb/v6-m\libgcc.a(_udivmoddi4.o) (__clzdi2)
e:/microchip studio/7.0/toolchain/arm/arm-gnu-toolchain/bin/../lib/gcc/arm-none-eabi/6.3.1/thumb/v6-m\libgcc.a(eqdf2.o)
                              e:/microchip studio/7.0/toolchain/arm/arm-gnu-toolchain/bin/../lib/gcc/arm-none-eabi/6.3.1/thumb/v6-m\libgcc.a(_arm_cmpdf2.o) (__eqdf2)
e:/microchip studio/7.0/toolchain/arm/arm-gnu-toolchain/bin/../lib/gcc/arm-none-eabi/6.3.1/thumb/v6-m\libgcc.a(gedf2.o)
                              e:/microchip studio/7.0/toolchain/arm/arm-gnu-toolchain/bin/../lib/gcc/arm-none-eabi/6.3.1/thumb/v6-m\libgcc.a(_arm_cmpdf2.o) (__gedf2)
e:/microchip studio/7.0/toolchain/arm/arm-gnu-toolchain/bin/../lib/gcc/arm-none-eabi/6.3.1/thumb/v6-m\libgcc.a(ledf2.o)
                              e:/microchip studio/7.0/toolchain/arm/arm-gnu-toolchain/bin/../lib/gcc/arm-none-eabi/6.3.1/thumb/v6-m\libgcc.a(_arm_cmpdf2.o) (__ledf2)
e:/microchip studio/7.0/toolchain/arm/arm-gnu-toolchain/bin/../lib/gcc/arm-none-eabi/6.3.1/../../../../arm-none-eabi/lib/thumb/v6-m\libc_nano.a(lib_a-exit.o)
                              e:/microchip studio/7.0/toolchain/arm/arm-gnu-toolchain/bin/../lib/gcc/arm-none-eabi/6.3.1/../../../../arm-none-eabi/lib/thumb/v6-m/crt0.o (exit)
e:/microchip studio/7.0/toolchain/arm/arm-gnu-toolchain/bin/../lib/gcc/arm-none-eabi/6.3.1/../../../../arm-none-eabi/lib/thumb/v6-m\libc_nano.a(lib_a-impure.o)
                              e:/microchip studio/7.0/toolchain/arm/arm-gnu-toolchain/bin/../lib/gcc/arm-none-eabi/6.3.1/../../../../arm-none-eabi/lib/thumb/v6-m\libc_nano.a(lib_a-exit.o) (_global_impure_ptr)
[...]
Memory Configuration

Name             Origin             Length             Attributes
rom              0x00000000         0x00040000         xr
ram              0x20000000         0x00008000         xrw
*default*        0x00000000         0xffffffff

Linker script and memory map

LOAD e:/microchip studio/7.0/toolchain/arm/arm-gnu-toolchain/bin/../lib/gcc/arm-none-eabi/6.3.1/thumb/v6-m/crti.o
LOAD e:/microchip studio/7.0/toolchain/arm/arm-gnu-toolchain/bin/../lib/gcc/arm-none-eabi/6.3.1/thumb/v6-m/crtbegin.o
LOAD e:/microchip studio/7.0/toolchain/arm/arm-gnu-toolchain/bin/../lib/gcc/arm-none-eabi/6.3.1/../../../../arm-none-eabi/lib/thumb/v6-m/crt0.o
LOAD app_comm/comm_opr.o
LOAD atmel_start.o
LOAD Device_Startup/startup_samc21.o
LOAD Device_Startup/system_samc21.o
LOAD driver_init.o
LOAD drv/drv_can.o
LOAD examples/driver_examples.o
LOAD freertos.o
LOAD FreeRtos_Source/list.o
LOAD FreeRtos_Source/portable/heap_4.o
LOAD FreeRtos_Source/portable/port.o
LOAD FreeRtos_Source/queue.o
LOAD FreeRtos_Source/tasks.o
LOAD FreeRtos_Source/timers.o
LOAD hal/src/hal_atomic.o
LOAD hal/src/hal_can_async.o
LOAD hal/src/hal_delay.o
LOAD hal/src/hal_flash.o
LOAD hal/src/hal_gpio.o
LOAD hal/src/hal_init.o
LOAD hal/src/hal_io.o
LOAD hal/src/hal_sleep.o
LOAD hal/src/hal_spi_m_sync.o
LOAD hal/src/hal_timer.o
LOAD hal/src/hal_wdt.o
LOAD hal/utils/src/utils_assert.o
LOAD hal/utils/src/utils_event.o
LOAD hal/utils/src/utils_list.o
LOAD hal/utils/src/utils_syscalls.o
LOAD hpl/can/hpl_can.o
LOAD hpl/core/hpl_core_m0plus_base.o
LOAD hpl/core/hpl_init.o
LOAD hpl/divas/hpl_divas.o
LOAD hpl/dmac/hpl_dmac.o
LOAD hpl/gclk/hpl_gclk.o
LOAD hpl/mclk/hpl_mclk.o
LOAD hpl/nvmctrl/hpl_nvmctrl.o
LOAD hpl/osc32kctrl/hpl_osc32kctrl.o
LOAD hpl/oscctrl/hpl_oscctrl.o
LOAD hpl/pm/hpl_pm.o
LOAD hpl/sercom/hpl_sercom.o
LOAD hpl/tc/hpl_tc.o
LOAD hpl/wdt/hpl_wdt.o
LOAD main.o
LOAD Middle/CAN_CircularBuf.o
LOAD Module_afe/AFE_opr.o
LOAD RTT/SEGGER_RTT.o
LOAD RTT/SEGGER_RTT_ASM_ARMv7M.o
LOAD RTT/SEGGER_RTT_printf.o
START GROUP
LOAD e:/microchip studio/7.0/toolchain/arm/arm-gnu-toolchain/bin/../lib/gcc/arm-none-eabi/6.3.1/../../../../arm-none-eabi/lib/thumb/v6-m\libm.a
END GROUP
START GROUP
LOAD e:/microchip studio/7.0/toolchain/arm/arm-gnu-toolchain/bin/../lib/gcc/arm-none-eabi/6.3.1/thumb/v6-m\libgcc.a
LOAD e:/microchip studio/7.0/toolchain/arm/arm-gnu-toolchain/bin/../lib/gcc/arm-none-eabi/6.3.1/../../../../arm-none-eabi/lib/thumb/v6-m\libc_nano.a
END GROUP
START GROUP
LOAD e:/microchip studio/7.0/toolchain/arm/arm-gnu-toolchain/bin/../lib/gcc/arm-none-eabi/6.3.1/thumb/v6-m\libgcc.a
LOAD e:/microchip studio/7.0/toolchain/arm/arm-gnu-toolchain/bin/../lib/gcc/arm-none-eabi/6.3.1/../../../../arm-none-eabi/lib/thumb/v6-m\libc_nano.a
END GROUP
LOAD e:/microchip studio/7.0/toolchain/arm/arm-gnu-toolchain/bin/../lib/gcc/arm-none-eabi/6.3.1/thumb/v6-m/crtend.o
LOAD e:/microchip studio/7.0/toolchain/arm/arm-gnu-toolchain/bin/../lib/gcc/arm-none-eabi/6.3.1/thumb/v6-m/crtn.o
                0x00002000                STACK_SIZE = DEFINED (STACK_SIZE)?STACK_SIZE:DEFINED (__stack_size__)?__stack_size__:0x2000

.text           0x00000000     0x3d40
                0x00000000                . = ALIGN (0x4)
                0x00000000                _sfixed = .
 *(.vectors .vectors.*)
 .vectors       0x00000000       0xbc Device_Startup/startup_samc21.o
                0x00000000                exception_table
 *(.text .text.* .gnu.linkonce.t.*)
 .text          0x000000bc       0x60 e:/microchip studio/7.0/toolchain/arm/arm-gnu-toolchain/bin/../lib/gcc/arm-none-eabi/6.3.1/thumb/v6-m/crtbegin.o
 .text.comm_task
                0x0000011c       0x38 app_comm/comm_opr.o
 .text.create_comm_task
                0x00000154       0x40 app_comm/comm_opr.o
                0x00000154                create_comm_task
 .text.atmel_start_init
                0x00000194        0xc atmel_start.o
                0x00000194                atmel_start_init
 .text.Dummy_Handler
                0x000001a0        0x2 Device_Startup/startup_samc21.o
                0x000001a0                SVCall_Handler
                0x000001a0                DMAC_Handler
                0x000001a0                HardFault_Handler
                0x000001a0                TC2_Handler
                0x000001a0                AC_Handler
                0x000001a0                SERCOM1_Handler
                0x000001a0                NonMaskableInt_Handler
                0x000001a0                TCC1_Handler
                0x000001a0                SERCOM2_Handler
                0x000001a0                TCC0_Handler
                0x000001a0                RTC_Handler
                0x000001a0                ADC1_Handler
                0x000001a0                EIC_Handler
                0x000001a0                WDT_Handler
                0x000001a0                TC4_Handler
                0x000001a0                TC3_Handler
                0x000001a0                SDADC_Handler
                0x000001a0                Dummy_Handler
                0x000001a0                SERCOM5_Handler
                0x000001a0                ADC0_Handler
                0x000001a0                TSENS_Handler
                0x000001a0                TCC2_Handler
                0x000001a0                EVSYS_Handler
                0x000001a0                SERCOM3_Handler
                0x000001a0                SERCOM4_Handler
                0x000001a0                SYSTEM_Handler
                0x000001a0                SERCOM0_Handler
                0x000001a0                DAC_Handler
                0x000001a0                PTC_Handler
                0x000001a0                FREQM_Handler
 *fill*         0x000001a2        0x2 
 .text.Reset_Handler
                0x000001a4       0x68 Device_Startup/startup_samc21.o
                0x000001a4                Reset_Handler
 .text.TIMER_0_init
                0x0000020c       0x40 driver_init.o
 .text.TIMER_1_init
                0x0000024c       0x40 driver_init.o
 .text.FLASH_0_CLOCK_init
                0x0000028c       0x10 driver_init.o
                0x0000028c                FLASH_0_CLOCK_init
 .text.FLASH_0_init
                0x0000029c       0x20 driver_init.o
                0x0000029c                FLASH_0_init
 .text.SPI_0_PORT_init
                0x000002bc       0xb4 driver_init.o
                0x000002bc                SPI_0_PORT_init
 .text.SPI_0_CLOCK_init
                0x00000370       0x24 driver_init.o
                0x00000370                SPI_0_CLOCK_init
 .text.SPI_0_init
                0x00000394       0x28 driver_init.o
                0x00000394                SPI_0_init
 .text.WDT_0_CLOCK_init
                0x000003bc       0x14 driver_init.o
                0x000003bc                WDT_0_CLOCK_init
 .text.WDT_0_init
                0x000003d0       0x34 driver_init.o
                0x000003d0                WDT_0_init
 .text.CAN_1_PORT_init
                0x00000404       0x42 driver_init.o
                0x00000404                CAN_1_PORT_init
 *fill*         0x00000446        0x2 
 .text.CAN_1_init
                0x00000448       0x3c driver_init.o
                0x00000448                CAN_1_init
 .text.CAN_0_PORT_init
                0x00000484       0x42 driver_init.o
                0x00000484                CAN_0_PORT_init
 *fill*         0x000004c6        0x2 
 .text.CAN_0_init
                0x000004c8       0x3c driver_init.o
                0x000004c8                CAN_0_init
 .text.system_init
                0x00000504       0x74 driver_init.o
                0x00000504                system_init
 .text.CAN1_tx_callback
                0x00000578        0x2 drv/drv_can.o
                0x00000578                CAN1_tx_callback
 *fill*         0x0000057a        0x2 
 .text.CAN1_rx_callback
                0x0000057c       0x48 drv/drv_can.o
                0x0000057c                CAN1_rx_callback
 .text.CAN1_Init
                0x000005c4       0xbc drv/drv_can.o
                0x000005c4                CAN1_Init
 .text.TIMER_0_task1_cb
                0x00000680        0x2 examples/driver_examples.o
 .text.TIMER_0_task2_cb
                0x00000682        0x2 examples/driver_examples.o
 .text.TIMER_0_example
                0x00000684       0x4c examples/driver_examples.o
                0x00000684                TIMER_0_example
 .text.start_tasks
                0x000006d0       0x1c freertos.o
                0x000006d0                start_tasks
 .text.FREERTOS_Init
                0x000006ec        0xc freertos.o
                0x000006ec                FREERTOS_Init
 .text.vListInitialise
                0x000006f8       0x16 FreeRtos_Source/list.o
                0x000006f8                vListInitialise
 .text.vListInitialiseItem
                0x0000070e        0x6 FreeRtos_Source/list.o
                0x0000070e                vListInitialiseItem
 .text.vListInsertEnd
                0x00000714       0x18 FreeRtos_Source/list.o
                0x00000714                vListInsertEnd
 .text.vListInsert
                0x0000072c       0x30 FreeRtos_Source/list.o
                0x0000072c                vListInsert
 .text.uxListRemove
                0x0000075c       0x28 FreeRtos_Source/list.o
                0x0000075c                uxListRemove
 .text.prvHeapInit
                0x00000784       0x50 FreeRtos_Source/portable/heap_4.o
 .text.prvInsertBlockIntoFreeList
                0x000007d4       0x50 FreeRtos_Source/portable/heap_4.o
 .text.pvPortMalloc
                0x00000824       0xd8 FreeRtos_Source/portable/heap_4.o
                0x00000824                pvPortMalloc
 .text.vPortFree
                0x000008fc       0x5c FreeRtos_Source/portable/heap_4.o
                0x000008fc                vPortFree
 .text.prvTaskExitError
                0x00000958       0x24 FreeRtos_Source/portable/port.o
 *fill*         0x0000097c        0x4 
 .text.vPortStartFirstTask
                0x00000980       0x34 FreeRtos_Source/portable/port.o
 .text.prvSetupTimerInterrupt
                0x000009b4       0x28 FreeRtos_Source/portable/port.o
 .text.pxPortInitialiseStack
                0x000009dc       0x20 FreeRtos_Source/portable/port.o
                0x000009dc                pxPortInitialiseStack
 .text.xPortStartScheduler
                0x000009fc       0x4c FreeRtos_Source/portable/port.o
                0x000009fc                xPortStartScheduler
 .text.vPortYield
                0x00000a48       0x18 FreeRtos_Source/portable/port.o
                0x00000a48                vPortYield
 .text.vPortEnterCritical
                0x00000a60       0x18 FreeRtos_Source/portable/port.o
                0x00000a60                vPortEnterCritical
 .text.vPortExitCritical
                0x00000a78       0x20 FreeRtos_Source/portable/port.o
                0x00000a78                vPortExitCritical
 .text.ulSetInterruptMaskFromISR
                0x00000a98        0x8 FreeRtos_Source/portable/port.o
                0x00000a98                ulSetInterruptMaskFromISR
 .text.vClearInterruptMaskFromISR
                0x00000aa0        0x6 FreeRtos_Source/portable/port.o
                0x00000aa0                vClearInterruptMaskFromISR
 *fill*         0x00000aa6        0xa 
 .text.PendSV_Handler
                0x00000ab0       0x44 FreeRtos_Source/portable/port.o
                0x00000ab0                PendSV_Handler
 .text.SysTick_Handler
                0x00000af4       0x30 FreeRtos_Source/portable/port.o
                0x00000af4                SysTick_Handler
 .text.prvIsQueueFull
                0x00000b24       0x28 FreeRtos_Source/queue.o
 .text.prvIsQueueEmpty
                0x00000b4c       0x24 FreeRtos_Source/queue.o
 .text.prvCopyDataToQueue
                0x00000b70       0x8c FreeRtos_Source/queue.o
 .text.prvNotifyQueueSetContainer
                0x00000bfc       0x68 FreeRtos_Source/queue.o
 .text.prvCopyDataFromQueue
                0x00000c64       0x28 FreeRtos_Source/queue.o
 .text.prvUnlockQueue
                0x00000c8c       0xa0 FreeRtos_Source/queue.o
 .text.xQueueGenericReset
                0x00000d2c       0x80 FreeRtos_Source/queue.o
                0x00000d2c                xQueueGenericReset
 .text.prvInitialiseNewQueue
                0x00000dac       0x2c FreeRtos_Source/queue.o
 .text.xQueueGenericCreate
                0x00000dd8       0x48 FreeRtos_Source/queue.o
                0x00000dd8                xQueueGenericCreate
 .text.xQueueGenericSend
                0x00000e20      0x19c FreeRtos_Source/queue.o
                0x00000e20                xQueueGenericSend
 .text.xQueueGenericSendFromISR
                0x00000fbc       0xec FreeRtos_Source/queue.o
                0x00000fbc                xQueueGenericSendFromISR
 .text.xQueueReceive
                0x000010a8      0x15c FreeRtos_Source/queue.o
                0x000010a8                xQueueReceive
 .text.vQueueAddToRegistry
                0x00001204       0x24 FreeRtos_Source/queue.o
                0x00001204                vQueueAddToRegistry
 .text.vQueueWaitForMessageRestricted
                0x00001228       0x60 FreeRtos_Source/queue.o
                0x00001228                vQueueWaitForMessageRestricted
 .text.prvResetNextTaskUnblockTime
                0x00001288       0x28 FreeRtos_Source/tasks.o
 .text.prvDeleteTCB
                0x000012b0       0x14 FreeRtos_Source/tasks.o
 .text.prvInitialiseNewTask
                0x000012c4       0xb4 FreeRtos_Source/tasks.o
 .text.prvInitialiseTaskLists
                0x00001378       0x60 FreeRtos_Source/tasks.o
 .text.prvAddNewTaskToReadyList
                0x000013d8       0xa0 FreeRtos_Source/tasks.o
 .text.prvCheckTasksWaitingTermination
                0x00001478       0x48 FreeRtos_Source/tasks.o
 .text.prvIdleTask
                0x000014c0       0x20 FreeRtos_Source/tasks.o
 .text.prvAddCurrentTaskToDelayedList
                0x000014e0       0x70 FreeRtos_Source/tasks.o
 .text.xTaskCreate
                0x00001550       0x70 FreeRtos_Source/tasks.o
                0x00001550                xTaskCreate
 .text.vTaskStartScheduler
                0x000015c0       0x68 FreeRtos_Source/tasks.o
                0x000015c0                vTaskStartScheduler
 .text.vTaskSuspendAll
                0x00001628       0x10 FreeRtos_Source/tasks.o
                0x00001628                vTaskSuspendAll
 .text.xTaskGetTickCount
                0x00001638        0xc FreeRtos_Source/tasks.o
                0x00001638                xTaskGetTickCount
 .text.xTaskIncrementTick
                0x00001644      0x100 FreeRtos_Source/tasks.o
                0x00001644                xTaskIncrementTick
 .text.xTaskResumeAll
                0x00001744       0xf4 FreeRtos_Source/tasks.o
                0x00001744                xTaskResumeAll
 .text.vTaskDelay
                0x00001838       0x44 FreeRtos_Source/tasks.o
                0x00001838                vTaskDelay
 .text.vTaskSwitchContext
                0x0000187c       0x84 FreeRtos_Source/tasks.o
                0x0000187c                vTaskSwitchContext
 .text.vTaskPlaceOnEventList
                0x00001900       0x2c FreeRtos_Source/tasks.o
                0x00001900                vTaskPlaceOnEventList
 .text.vTaskPlaceOnEventListRestricted
                0x0000192c       0x38 FreeRtos_Source/tasks.o
                0x0000192c                vTaskPlaceOnEventListRestricted
 .text.xTaskRemoveFromEventList
                0x00001964       0x84 FreeRtos_Source/tasks.o
                0x00001964                xTaskRemoveFromEventList
 .text.vTaskInternalSetTimeOutState
                0x000019e8       0x10 FreeRtos_Source/tasks.o
                0x000019e8                vTaskInternalSetTimeOutState
 .text.xTaskCheckForTimeOut
                0x000019f8       0x70 FreeRtos_Source/tasks.o
                0x000019f8                xTaskCheckForTimeOut
 .text.vTaskMissedYield
                0x00001a68        0xc FreeRtos_Source/tasks.o
                0x00001a68                vTaskMissedYield
 .text.xTaskGetSchedulerState
                0x00001a74       0x20 FreeRtos_Source/tasks.o
                0x00001a74                xTaskGetSchedulerState
 .text.xTaskPriorityDisinherit
                0x00001a94       0x7c FreeRtos_Source/tasks.o
                0x00001a94                xTaskPriorityDisinherit
 .text.prvGetNextExpireTime
                0x00001b10       0x24 FreeRtos_Source/timers.o
 .text.prvInsertTimerInActiveList
                0x00001b34       0x48 FreeRtos_Source/timers.o
 .text.prvCheckForValidListAndQueue
                0x00001b7c       0x60 FreeRtos_Source/timers.o
 .text.xTimerCreateTimerTask
                0x00001bdc       0x4c FreeRtos_Source/timers.o
                0x00001bdc                xTimerCreateTimerTask
 .text.xTimerGenericCommand
                0x00001c28       0x6c FreeRtos_Source/timers.o
                0x00001c28                xTimerGenericCommand
 .text.prvSwitchTimerLists
                0x00001c94       0x74 FreeRtos_Source/timers.o
 .text.prvSampleTimeNow
                0x00001d08       0x34 FreeRtos_Source/timers.o
 .text.prvProcessExpiredTimer
                0x00001d3c       0x68 FreeRtos_Source/timers.o
 .text.prvProcessTimerOrBlockTask
                0x00001da4       0x84 FreeRtos_Source/timers.o
 .text.prvProcessReceivedCommands
                0x00001e28       0xf8 FreeRtos_Source/timers.o
 .text.prvTimerTask
                0x00001f20       0x24 FreeRtos_Source/timers.o
 .text.atomic_enter_critical
                0x00001f44        0xe hal/src/hal_atomic.o
                0x00001f44                atomic_enter_critical
 .text.atomic_leave_critical
                0x00001f52        0xc hal/src/hal_atomic.o
                0x00001f52                atomic_leave_critical
 .text.can_tx_done
                0x00001f5e        0xc hal/src/hal_can_async.o
 .text.can_rx_done
                0x00001f6a        0xc hal/src/hal_can_async.o
 .text.can_irq_handler
                0x00001f76        0xc hal/src/hal_can_async.o
 *fill*         0x00001f82        0x2 
 .text.can_async_init
                0x00001f84       0x54 hal/src/hal_can_async.o
                0x00001f84                can_async_init
 .text.can_async_enable
                0x00001fd8       0x28 hal/src/hal_can_async.o
                0x00001fd8                can_async_enable
 .text.can_async_read
                0x00002000       0x38 hal/src/hal_can_async.o
                0x00002000                can_async_read
 .text.can_async_write
                0x00002038       0x38 hal/src/hal_can_async.o
                0x00002038                can_async_write
 .text.can_async_register_callback
                0x00002070       0x50 hal/src/hal_can_async.o
                0x00002070                can_async_register_callback
 .text.can_async_set_filter
                0x000020c0       0x34 hal/src/hal_can_async.o
                0x000020c0                can_async_set_filter
 .text.flash_ready
                0x000020f4        0xc hal/src/hal_flash.o
 .text.flash_error
                0x00002100        0xc hal/src/hal_flash.o
 .text.flash_init
                0x0000210c       0x4c hal/src/hal_flash.o
                0x0000210c                flash_init
 .text.spi_m_sync_init
                0x00002158       0x58 hal/src/hal_spi_m_sync.o
                0x00002158                spi_m_sync_init
 .text.spi_m_sync_transfer
                0x000021b0       0x48 hal/src/hal_spi_m_sync.o
                0x000021b0                spi_m_sync_transfer
 .text._spi_m_sync_io_write
                0x000021f8       0x3c hal/src/hal_spi_m_sync.o
 .text._spi_m_sync_io_read
                0x00002234       0x3c hal/src/hal_spi_m_sync.o
 .text.timer_add_timer_task
                0x00002270       0x58 hal/src/hal_timer.o
 .text.timer_process_counted
                0x000022c8       0x64 hal/src/hal_timer.o
 .text.timer_init
                0x0000232c       0x44 hal/src/hal_timer.o
                0x0000232c                timer_init
 .text.timer_start
                0x00002370       0x3c hal/src/hal_timer.o
                0x00002370                timer_start
 .text.timer_add_task
                0x000023ac       0xb0 hal/src/hal_timer.o
                0x000023ac                timer_add_task
 .text.assert   0x0000245c        0x8 hal/utils/src/utils_assert.o
                0x0000245c                assert
 .text.is_list_element
                0x00002464       0x16 hal/utils/src/utils_list.o
                0x00002464                is_list_element
 *fill*         0x0000247a        0x2 
 .text.list_insert_as_head
                0x0000247c       0x2c hal/utils/src/utils_list.o
                0x0000247c                list_insert_as_head
 .text.list_insert_after
                0x000024a8        0x8 hal/utils/src/utils_list.o
                0x000024a8                list_insert_after
 .text.list_remove_head
                0x000024b0       0x12 hal/utils/src/utils_list.o
                0x000024b0                list_remove_head
 *fill*         0x000024c2        0x2 
 .text._can_async_init
                0x000024c4      0x1e8 hpl/can/hpl_can.o
                0x000024c4                _can_async_init
 .text._can_async_enable
                0x000026ac        0xe hpl/can/hpl_can.o
                0x000026ac                _can_async_enable
 *fill*         0x000026ba        0x2 
 .text._can_async_read
                0x000026bc       0xdc hpl/can/hpl_can.o
                0x000026bc                _can_async_read
 .text._can_async_write
                0x00002798      0x174 hpl/can/hpl_can.o
                0x00002798                _can_async_write
 .text._can_async_set_irq_state
                0x0000290c       0x54 hpl/can/hpl_can.o
                0x0000290c                _can_async_set_irq_state
 .text._can_async_set_filter
                0x00002960       0x8c hpl/can/hpl_can.o
                0x00002960                _can_async_set_filter
 .text.CAN0_Handler
                0x000029ec       0x70 hpl/can/hpl_can.o
                0x000029ec                CAN0_Handler
 .text.CAN1_Handler
                0x00002a5c       0x70 hpl/can/hpl_can.o
                0x00002a5c                CAN1_Handler
 .text._irq_set
                0x00002acc       0x1c hpl/core/hpl_core_m0plus_base.o
                0x00002acc                _irq_set
 .text._init_chip
                0x00002ae8       0x40 hpl/core/hpl_init.o
                0x00002ae8                _init_chip
 .text._div_init
                0x00002b28        0xe hpl/divas/hpl_divas.o
                0x00002b28                _div_init
 .text.__aeabi_idiv
                0x00002b36       0x36 hpl/divas/hpl_divas.o
                0x00002b36                __aeabi_idiv
 .text.__aeabi_uidiv
                0x00002b6c       0x36 hpl/divas/hpl_divas.o
                0x00002b6c                __aeabi_uidiv
 *fill*         0x00002ba2        0x2 
 .text.__aeabi_uidivmod
                0x00002ba4       0x3c hpl/divas/hpl_divas.o
                0x00002ba4                __aeabi_uidivmod
 .text._gclk_init_generators_by_fref
                0x00002be0       0x24 hpl/gclk/hpl_gclk.o
                0x00002be0                _gclk_init_generators_by_fref
 .text._mclk_init
                0x00002c04        0xc hpl/mclk/hpl_mclk.o
                0x00002c04                _mclk_init
 .text._flash_init
                0x00002c10       0x60 hpl/nvmctrl/hpl_nvmctrl.o
                0x00002c10                _flash_init
 .text.NVMCTRL_Handler
                0x00002c70       0x30 hpl/nvmctrl/hpl_nvmctrl.o
                0x00002c70                NVMCTRL_Handler
 .text._osc32kctrl_init_sources
                0x00002ca0       0x1c hpl/osc32kctrl/hpl_osc32kctrl.o
                0x00002ca0                _osc32kctrl_init_sources
 .text._oscctrl_init_sources
                0x00002cbc       0x3c hpl/oscctrl/hpl_oscctrl.o
                0x00002cbc                _oscctrl_init_sources
 .text._oscctrl_init_referenced_generators
                0x00002cf8        0x2 hpl/oscctrl/hpl_oscctrl.o
                0x00002cf8                _oscctrl_init_referenced_generators
 *fill*         0x00002cfa        0x2 
 .text._sercom_get_hardware_index
                0x00002cfc       0x10 hpl/sercom/hpl_sercom.o
 .text._spi_m_sync_init
                0x00002d0c      0x1fc hpl/sercom/hpl_sercom.o
                0x00002d0c                _spi_m_sync_init
 .text._spi_m_sync_trans
                0x00002f08      0x114 hpl/sercom/hpl_sercom.o
                0x00002f08                _spi_m_sync_trans
 .text.tc_interrupt_handler
                0x0000301c       0x16 hpl/tc/hpl_tc.o
 *fill*         0x00003032        0x2 
 .text._tc_init_irq_param
                0x00003034       0x28 hpl/tc/hpl_tc.o
 .text.get_tc_index
                0x0000305c       0x5c hpl/tc/hpl_tc.o
 .text._timer_init
                0x000030b8      0x1b8 hpl/tc/hpl_tc.o
                0x000030b8                _timer_init
 .text._timer_start
                0x00003270       0x12 hpl/tc/hpl_tc.o
                0x00003270                _timer_start
 .text._timer_is_started
                0x00003282       0x12 hpl/tc/hpl_tc.o
                0x00003282                _timer_is_started
 .text._tc_get_timer
                0x00003294        0x4 hpl/tc/hpl_tc.o
                0x00003294                _tc_get_timer
 .text._timer_set_irq
                0x00003298       0x3c hpl/tc/hpl_tc.o
                0x00003298                _timer_set_irq
 .text.TC0_Handler
                0x000032d4       0x14 hpl/tc/hpl_tc.o
                0x000032d4                TC0_Handler
 .text.TC1_Handler
                0x000032e8       0x14 hpl/tc/hpl_tc.o
                0x000032e8                TC1_Handler
 .text._wdt_init
                0x000032fc       0x70 hpl/wdt/hpl_wdt.o
                0x000032fc                _wdt_init
 .text.main     0x0000336c       0x24 main.o
                0x0000336c                main
 .text.AFE_task
                0x00003390       0x38 Module_afe/AFE_opr.o
 .text.create_afe_task
                0x000033c8       0x40 Module_afe/AFE_opr.o
                0x000033c8                create_afe_task
 .text._GetAvailWriteSpace
                0x00003408       0x18 RTT/SEGGER_RTT.o
 .text._WriteNoCheck
                0x00003420       0x44 RTT/SEGGER_RTT.o
 .text._WriteBlocking
                0x00003464       0x74 RTT/SEGGER_RTT.o
 .text._DoInit  0x000034d8       0x6c RTT/SEGGER_RTT.o
 .text.SEGGER_RTT_WriteNoLock
                0x00003544       0x7c RTT/SEGGER_RTT.o
                0x00003544                SEGGER_RTT_WriteNoLock
 .text.SEGGER_RTT_Write
                0x000035c0       0x3c RTT/SEGGER_RTT.o
                0x000035c0                SEGGER_RTT_Write
 .text._StoreChar
                0x000035fc       0x44 RTT/SEGGER_RTT_printf.o
 .text._PrintUnsigned
                0x00003640      0x114 RTT/SEGGER_RTT_printf.o
 .text._PrintInt
                0x00003754      0x100 RTT/SEGGER_RTT_printf.o
 .text.SEGGER_RTT_vprintf
                0x00003854      0x1c8 RTT/SEGGER_RTT_printf.o
                0x00003854                SEGGER_RTT_vprintf
 .text.SEGGER_RTT_printf
                0x00003a1c       0x20 RTT/SEGGER_RTT_printf.o
                0x00003a1c                SEGGER_RTT_printf
 .text.__libc_init_array
                0x00003a3c       0x48 e:/microchip studio/7.0/toolchain/arm/arm-gnu-toolchain/bin/../lib/gcc/arm-none-eabi/6.3.1/../../../../arm-none-eabi/lib/thumb/v6-m\libc_nano.a(lib_a-init.o)
                0x00003a3c                __libc_init_array
 .text.memcpy   0x00003a84       0x12 e:/microchip studio/7.0/toolchain/arm/arm-gnu-toolchain/bin/../lib/gcc/arm-none-eabi/6.3.1/../../../../arm-none-eabi/lib/thumb/v6-m\libc_nano.a(lib_a-memcpy-stub.o)
                0x00003a84                memcpy
 .text.memset   0x00003a96       0x10 e:/microchip studio/7.0/toolchain/arm/arm-gnu-toolchain/bin/../lib/gcc/arm-none-eabi/6.3.1/../../../../arm-none-eabi/lib/thumb/v6-m\libc_nano.a(lib_a-memset.o)
                0x00003a96                memset
 *(.glue_7t)
 .glue_7t       0x00003aa6        0x0 linker stubs
 *(.glue_7)
 .glue_7        0x00003aa6        0x0 linker stubs
 *(.rodata .rodata* .gnu.linkonce.r.*)
 *fill*         0x00003aa6        0x2 
 .rodata.str1.4
                0x00003aa8       0x19 app_comm/comm_opr.o
 *fill*         0x00003ac1        0x3 
 .rodata.str1.4
                0x00003ac4       0x19 driver_init.o
 *fill*         0x00003add        0x3 
 .rodata.str1.4
                0x00003ae0       0x20 drv/drv_can.o
 .rodata.str1.4
                0x00003b00       0x17 FreeRtos_Source/tasks.o
 *fill*         0x00003b17        0x1 
 .rodata        0x00003b18       0x28 FreeRtos_Source/timers.o
 .rodata.str1.4
                0x00003b40       0x10 FreeRtos_Source/timers.o
 .rodata.str1.4
                0x00003b50       0x1b hal/src/hal_can_async.o
 *fill*         0x00003b6b        0x1 
 .rodata.str1.4
                0x00003b6c       0x17 hal/src/hal_flash.o
 *fill*         0x00003b83        0x1 
 .rodata.str1.4
                0x00003b84       0x1c hal/src/hal_spi_m_sync.o
 .rodata.str1.4
                0x00003ba0       0x17 hal/src/hal_timer.o
 *fill*         0x00003bb7        0x1 
 .rodata.str1.4
                0x00003bb8       0x1e hal/utils/src/utils_list.o
 *fill*         0x00003bd6        0x2 
 .rodata        0x00003bd8       0x10 hpl/can/hpl_can.o
 .rodata.str1.4
                0x00003be8       0x1d hpl/nvmctrl/hpl_nvmctrl.o
 *fill*         0x00003c05        0x3 
 .rodata        0x00003c08       0x4d hpl/sercom/hpl_sercom.o
 *fill*         0x00003c55        0x3 
 .rodata.str1.4
                0x00003c58       0x1b hpl/sercom/hpl_sercom.o
 *fill*         0x00003c73        0x1 
 .rodata        0x00003c74       0x28 hpl/tc/hpl_tc.o
 .rodata.str1.4
                0x00003c9c       0x13 hpl/tc/hpl_tc.o
 *fill*         0x00003caf        0x1 
 .rodata.str1.4
                0x00003cb0       0x15 hpl/wdt/hpl_wdt.o
 *fill*         0x00003cc5        0x3 
 .rodata.str1.4
                0x00003cc8       0x18 Module_afe/AFE_opr.o
 .rodata        0x00003ce0       0x21 RTT/SEGGER_RTT.o
 *fill*         0x00003d01        0x3 
 .rodata.str1.4
                0x00003d04        0xc RTT/SEGGER_RTT.o
                                  0x9 (size before relaxing)
 .rodata        0x00003d10       0x10 RTT/SEGGER_RTT_printf.o
 *(.ARM.extab* .gnu.linkonce.armextab.*)
                0x00003d20                . = ALIGN (0x4)
 *(.init)
 .init          0x00003d20        0x4 e:/microchip studio/7.0/toolchain/arm/arm-gnu-toolchain/bin/../lib/gcc/arm-none-eabi/6.3.1/thumb/v6-m/crti.o
                0x00003d20                _init
 .init          0x00003d24        0x8 e:/microchip studio/7.0/toolchain/arm/arm-gnu-toolchain/bin/../lib/gcc/arm-none-eabi/6.3.1/thumb/v6-m/crtn.o
                0x00003d2c                . = ALIGN (0x4)
                0x00003d2c                __preinit_array_start = .
 *(.preinit_array)
                0x00003d2c                __preinit_array_end = .
                0x00003d2c                . = ALIGN (0x4)
                0x00003d2c                __init_array_start = .
 *(SORT(.init_array.*))
 *(.init_array)
 .init_array    0x00003d2c        0x4 e:/microchip studio/7.0/toolchain/arm/arm-gnu-toolchain/bin/../lib/gcc/arm-none-eabi/6.3.1/thumb/v6-m/crtbegin.o
                0x00003d30                __init_array_end = .
                0x00003d30                . = ALIGN (0x4)
 *crtbegin.o(.ctors)
 *(EXCLUDE_FILE(*crtend.o) .ctors)
 *(SORT(.ctors.*))
 *crtend.o(.ctors)
                0x00003d30                . = ALIGN (0x4)
 *(.fini)
 .fini          0x00003d30        0x4 e:/microchip studio/7.0/toolchain/arm/arm-gnu-toolchain/bin/../lib/gcc/arm-none-eabi/6.3.1/thumb/v6-m/crti.o
                0x00003d30                _fini
 .fini          0x00003d34        0x8 e:/microchip studio/7.0/toolchain/arm/arm-gnu-toolchain/bin/../lib/gcc/arm-none-eabi/6.3.1/thumb/v6-m/crtn.o
                0x00003d3c                . = ALIGN (0x4)
                0x00003d3c                __fini_array_start = .
 *(.fini_array)
 .fini_array    0x00003d3c        0x4 e:/microchip studio/7.0/toolchain/arm/arm-gnu-toolchain/bin/../lib/gcc/arm-none-eabi/6.3.1/thumb/v6-m/crtbegin.o
 *(SORT(.fini_array.*))
                0x00003d40                __fini_array_end = .
 *crtbegin.o(.dtors)
 *(EXCLUDE_FILE(*crtend.o) .dtors)
 *(SORT(.dtors.*))
 *crtend.o(.dtors)
                0x00003d40                . = ALIGN (0x4)
                0x00003d40                _efixed = .
                [!provide]                PROVIDE (__exidx_start, .)

.vfp11_veneer   0x00003d40        0x0
 .vfp11_veneer  0x00003d40        0x0 linker stubs

.v4_bx          0x00003d40        0x0
 .v4_bx         0x00003d40        0x0 linker stubs

.iplt           0x00003d40        0x0
 .iplt          0x00003d40        0x0 e:/microchip studio/7.0/toolchain/arm/arm-gnu-toolchain/bin/../lib/gcc/arm-none-eabi/6.3.1/thumb/v6-m/crtbegin.o

.eh_frame       0x00003d40        0x0
 .eh_frame      0x00003d40        0x0 e:/microchip studio/7.0/toolchain/arm/arm-gnu-toolchain/bin/../lib/gcc/arm-none-eabi/6.3.1/thumb/v6-m/crtbegin.o

.rel.dyn        0x00003d40        0x0
 .rel.iplt      0x00003d40        0x0 e:/microchip studio/7.0/toolchain/arm/arm-gnu-toolchain/bin/../lib/gcc/arm-none-eabi/6.3.1/thumb/v6-m/crtbegin.o

.jcr            0x00003d40        0x0
 .jcr           0x00003d40        0x0 e:/microchip studio/7.0/toolchain/arm/arm-gnu-toolchain/bin/../lib/gcc/arm-none-eabi/6.3.1/thumb/v6-m/crtbegin.o

.igot.plt       0x00003d40        0x0
 .igot.plt      0x00003d40        0x0 e:/microchip studio/7.0/toolchain/arm/arm-gnu-toolchain/bin/../lib/gcc/arm-none-eabi/6.3.1/thumb/v6-m/crtbegin.o

.ARM.exidx
 *(.ARM.exidx* .gnu.linkonce.armexidx.*)
                [!provide]                PROVIDE (__exidx_end, .)
                0x00003d40                . = ALIGN (0x4)
                0x00003d40                _etext = .

.relocate       0x20000000       0x2c load address 0x00003d40
                0x20000000                . = ALIGN (0x4)
                0x20000000                _srelocate = .
 *(.ramfunc .ramfunc.*)
 *(.data .data.*)
 .data          0x20000000        0x4 FreeRtos_Source/portable/port.o
 .data          0x20000004       0x28 hpl/can/hpl_can.o
                0x20000004                _can0_context
                0x20000018                _can1_context
                0x2000002c                . = ALIGN (0x4)
                0x2000002c                _erelocate = .

.bss            0x2000002c     0x372c load address 0x00003d6c
                0x2000002c                . = ALIGN (0x4)
                0x2000002c                _sbss = .
                0x2000002c                _szero = .
 *(.bss .bss.*)
 .bss           0x2000002c       0x1c e:/microchip studio/7.0/toolchain/arm/arm-gnu-toolchain/bin/../lib/gcc/arm-none-eabi/6.3.1/thumb/v6-m/crtbegin.o
 .bss           0x20000048        0x4 app_comm/comm_opr.o
 .bss           0x2000004c      0x150 examples/driver_examples.o
 .bss           0x2000019c     0x2818 FreeRtos_Source/portable/heap_4.o
 .bss           0x200029b4      0x104 FreeRtos_Source/tasks.o
                0x20002a8c                pxCurrentTCB
 .bss           0x20002ab8       0x3c FreeRtos_Source/timers.o
 .bss           0x20002af4       0xd8 hpl/can/hpl_can.o
 .bss           0x20002bcc        0x4 hpl/nvmctrl/hpl_nvmctrl.o
 .bss           0x20002bd0        0x8 hpl/tc/hpl_tc.o
 .bss           0x20002bd8        0x4 Module_afe/AFE_opr.o
 .bss           0x20002bdc      0x411 RTT/SEGGER_RTT.o
 *(COMMON)
 *fill*         0x20002fed        0x3 
 COMMON         0x20002ff0       0xc0 driver_init.o
                0x20002ff0                CAN_0
                0x20003018                FLASH_0
                0x20003034                CAN_1
                0x2000305c                WDT_0
                0x20003060                TIMER_1
                0x2000307c                SPI_0
                0x20003094                TIMER_0
 COMMON         0x200030b0       0x40 FreeRtos_Source/queue.o
                0x200030b0                xQueueRegistry
 COMMON         0x200030f0      0x5c0 hpl/can/hpl_can.o
                0x200030f0                can0_rx_fifo
                0x20003570                can1_tx_fifo
                0x20003590                can1_rx_fifo
                0x20003690                can0_tx_fifo
 COMMON         0x200036b0       0xa8 RTT/SEGGER_RTT.o
                0x200036b0                _SEGGER_RTT
                0x20003758                . = ALIGN (0x4)
                0x20003758                _ebss = .
                0x20003758                _ezero = .

.stack          0x20003758     0x2000 load address 0x00007498
                0x20003758                . = ALIGN (0x8)
                0x20003758                _sstack = .
                0x20005758                . = (. + STACK_SIZE)
 *fill*         0x20003758     0x2000 
                0x20005758                . = ALIGN (0x8)
                0x20005758                _estack = .
                0x20005758                . = ALIGN (0x4)
                0x20005758                _end = .
OUTPUT(FreeRtos_Motor.elf elf32-littlearm)

.ARM.attributes
                0x00000000       0x28
 .ARM.attributes
                0x00000000       0x1e e:/microchip studio/7.0/toolchain/arm/arm-gnu-toolchain/bin/../lib/gcc/arm-none-eabi/6.3.1/thumb/v6-m/crti.o
 .ARM.attributes
                0x0000001e       0x2c e:/microchip studio/7.0/toolchain/arm/arm-gnu-toolchain/bin/../lib/gcc/arm-none-eabi/6.3.1/thumb/v6-m/crtbegin.o
 .ARM.attributes
                0x0000004a       0x32 app_comm/comm_opr.o
 .ARM.attributes
                0x0000007c       0x32 atmel_start.o
 .ARM.attributes
                0x000000ae       0x32 Device_Startup/startup_samc21.o
 .ARM.attributes
                0x000000e0       0x32 driver_init.o
 .ARM.attributes
                0x00000112       0x32 drv/drv_can.o
 .ARM.attributes
                0x00000144       0x32 examples/driver_examples.o
 .ARM.attributes
                0x00000176       0x32 freertos.o
 .ARM.attributes
                0x000001a8       0x32 FreeRtos_Source/list.o
 .ARM.attributes
                0x000001da       0x32 FreeRtos_Source/portable/heap_4.o
 .ARM.attributes
                0x0000020c       0x32 FreeRtos_Source/portable/port.o
 .ARM.attributes
                0x0000023e       0x32 FreeRtos_Source/queue.o
 .ARM.attributes
                0x00000270       0x32 FreeRtos_Source/tasks.o
 .ARM.attributes
                0x000002a2       0x32 FreeRtos_Source/timers.o
 .ARM.attributes
                0x000002d4       0x32 hal/src/hal_atomic.o
 .ARM.attributes
                0x00000306       0x32 hal/src/hal_can_async.o
 .ARM.attributes
                0x00000338       0x32 hal/src/hal_flash.o
 .ARM.attributes
                0x0000036a       0x32 hal/src/hal_spi_m_sync.o
 .ARM.attributes
                0x0000039c       0x32 hal/src/hal_timer.o
 .ARM.attributes
                0x000003ce       0x32 hal/utils/src/utils_assert.o
 .ARM.attributes
                0x00000400       0x32 hal/utils/src/utils_list.o
 .ARM.attributes
                0x00000432       0x32 hpl/can/hpl_can.o
 .ARM.attributes
                0x00000464       0x32 hpl/core/hpl_core_m0plus_base.o
 .ARM.attributes
                0x00000496       0x32 hpl/core/hpl_init.o
 .ARM.attributes
                0x000004c8       0x32 hpl/divas/hpl_divas.o
 .ARM.attributes
                0x000004fa       0x32 hpl/gclk/hpl_gclk.o
 .ARM.attributes
                0x0000052c       0x32 hpl/mclk/hpl_mclk.o
 .ARM.attributes
                0x0000055e       0x32 hpl/nvmctrl/hpl_nvmctrl.o
 .ARM.attributes
                0x00000590       0x32 hpl/osc32kctrl/hpl_osc32kctrl.o
 .ARM.attributes
                0x000005c2       0x32 hpl/oscctrl/hpl_oscctrl.o
 .ARM.attributes
                0x000005f4       0x32 hpl/sercom/hpl_sercom.o
 .ARM.attributes
                0x00000626       0x32 hpl/tc/hpl_tc.o
 .ARM.attributes
                0x00000658       0x32 hpl/wdt/hpl_wdt.o
 .ARM.attributes
                0x0000068a       0x32 main.o
 .ARM.attributes
                0x000006bc       0x32 Module_afe/AFE_opr.o
 .ARM.attributes
                0x000006ee       0x32 RTT/SEGGER_RTT.o
 .ARM.attributes
                0x00000720       0x32 RTT/SEGGER_RTT_printf.o
 .ARM.attributes
                0x00000752       0x2c e:/microchip studio/7.0/toolchain/arm/arm-gnu-toolchain/bin/../lib/gcc/arm-none-eabi/6.3.1/../../../../arm-none-eabi/lib/thumb/v6-m\libc_nano.a(lib_a-init.o)
 .ARM.attributes
                0x0000077e       0x2c e:/microchip studio/7.0/toolchain/arm/arm-gnu-toolchain/bin/../lib/gcc/arm-none-eabi/6.3.1/../../../../arm-none-eabi/lib/thumb/v6-m\libc_nano.a(lib_a-memcpy-stub.o)
 .ARM.attributes
                0x000007aa       0x2c e:/microchip studio/7.0/toolchain/arm/arm-gnu-toolchain/bin/../lib/gcc/arm-none-eabi/6.3.1/../../../../arm-none-eabi/lib/thumb/v6-m\libc_nano.a(lib_a-memset.o)
 .ARM.attributes
                0x000007d6       0x1e e:/microchip studio/7.0/toolchain/arm/arm-gnu-toolchain/bin/../lib/gcc/arm-none-eabi/6.3.1/thumb/v6-m/crtn.o

.comment        0x00000000       0x59
 .comment       0x00000000       0x59 app_comm/comm_opr.o
                                 0x5a (size before relaxing)
 .comment       0x00000059       0x5a atmel_start.o
 .comment       0x00000059       0x5a Device_Startup/startup_samc21.o
 .comment       0x00000059       0x5a driver_init.o
 .comment       0x00000059       0x5a drv/drv_can.o
 .comment       0x00000059       0x5a examples/driver_examples.o
 .comment       0x00000059       0x5a freertos.o
 .comment       0x00000059       0x5a FreeRtos_Source/list.o
 .comment       0x00000059       0x5a FreeRtos_Source/portable/heap_4.o
 .comment       0x00000059       0x5a FreeRtos_Source/portable/port.o
 .comment       0x00000059       0x5a FreeRtos_Source/queue.o
 .comment       0x00000059       0x5a FreeRtos_Source/tasks.o
 .comment       0x00000059       0x5a FreeRtos_Source/timers.o
 .comment       0x00000059       0x5a hal/src/hal_atomic.o
 .comment       0x00000059       0x5a hal/src/hal_can_async.o
 .comment       0x00000059       0x5a hal/src/hal_flash.o
 .comment       0x00000059       0x5a hal/src/hal_spi_m_sync.o
 .comment       0x00000059       0x5a hal/src/hal_timer.o
 .comment       0x00000059       0x5a hal/utils/src/utils_assert.o
 .comment       0x00000059       0x5a hal/utils/src/utils_list.o
 .comment       0x00000059       0x5a hpl/can/hpl_can.o
 .comment       0x00000059       0x5a hpl/core/hpl_core_m0plus_base.o
 .comment       0x00000059       0x5a hpl/core/hpl_init.o
 .comment       0x00000059       0x5a hpl/divas/hpl_divas.o
 .comment       0x00000059       0x5a hpl/gclk/hpl_gclk.o
 .comment       0x00000059       0x5a hpl/mclk/hpl_mclk.o
 .comment       0x00000059       0x5a hpl/nvmctrl/hpl_nvmctrl.o
 .comment       0x00000059       0x5a hpl/osc32kctrl/hpl_osc32kctrl.o
 .comment       0x00000059       0x5a hpl/oscctrl/hpl_oscctrl.o
 .comment       0x00000059       0x5a hpl/sercom/hpl_sercom.o
 .comment       0x00000059       0x5a hpl/tc/hpl_tc.o
 .comment       0x00000059       0x5a hpl/wdt/hpl_wdt.o
 .comment       0x00000059       0x5a main.o
 .comment       0x00000059       0x5a Module_afe/AFE_opr.o
 .comment       0x00000059       0x5a RTT/SEGGER_RTT.o
 .comment       0x00000059       0x5a RTT/SEGGER_RTT_printf.o

.debug_info     0x00000000    0x37f05
 .debug_info    0x00000000      0xef1 app_comm/comm_opr.o
 .debug_info    0x00000ef1      0x66c atmel_start.o
 .debug_info    0x0000155d      0x527 Device_Startup/startup_samc21.o
 .debug_info    0x00001a84     0x94e2 driver_init.o
 .debug_info    0x0000af66      0x9c0 drv/drv_can.o
 .debug_info    0x0000b926     0x10c7 examples/driver_examples.o
 .debug_info    0x0000c9ed      0x102 freertos.o
 .debug_info    0x0000caef      0xbde FreeRtos_Source/list.o
 .debug_info    0x0000d6cd      0xc92 FreeRtos_Source/portable/heap_4.o
 .debug_info    0x0000e35f      0x308 FreeRtos_Source/portable/port.o
 .debug_info    0x0000e667     0x277e FreeRtos_Source/queue.o
 .debug_info    0x00010de5     0x2ed5 FreeRtos_Source/tasks.o
 .debug_info    0x00013cba     0x18f3 FreeRtos_Source/timers.o
 .debug_info    0x000155ad      0x1d1 hal/src/hal_atomic.o
 .debug_info    0x0001577e      0xa21 hal/src/hal_can_async.o
 .debug_info    0x0001619f      0xc20 hal/src/hal_flash.o
 .debug_info    0x00016dbf      0x9c9 hal/src/hal_spi_m_sync.o
 .debug_info    0x00017788      0xb91 hal/src/hal_timer.o
 .debug_info    0x00018319      0x107 hal/utils/src/utils_assert.o
 .debug_info    0x00018420      0x314 hal/utils/src/utils_list.o
 .debug_info    0x00018734     0x5be2 hpl/can/hpl_can.o
 .debug_info    0x0001e316      0x883 hpl/core/hpl_core_m0plus_base.o
 .debug_info    0x0001eb99      0x75c hpl/core/hpl_init.o
 .debug_info    0x0001f2f5      0x854 hpl/divas/hpl_divas.o
 .debug_info    0x0001fb49      0x582 hpl/gclk/hpl_gclk.o
 .debug_info    0x000200cb      0x7c2 hpl/mclk/hpl_mclk.o
 .debug_info    0x0002088d     0x2c85 hpl/nvmctrl/hpl_nvmctrl.o
 .debug_info    0x00023512      0x772 hpl/osc32kctrl/hpl_osc32kctrl.o
 .debug_info    0x00023c84      0xdd6 hpl/oscctrl/hpl_oscctrl.o
 .debug_info    0x00024a5a     0xb316 hpl/sercom/hpl_sercom.o
 .debug_info    0x0002fd70     0x28fa hpl/tc/hpl_tc.o
 .debug_info    0x0003266a      0xce9 hpl/wdt/hpl_wdt.o
 .debug_info    0x00033353      0x6eb main.o
 .debug_info    0x00033a3e      0xef1 Module_afe/AFE_opr.o
 .debug_info    0x0003492f     0x2509 RTT/SEGGER_RTT.o
 .debug_info    0x00036e38     0x10cd RTT/SEGGER_RTT_printf.o

.debug_abbrev   0x00000000     0x58b2
 .debug_abbrev  0x00000000      0x308 app_comm/comm_opr.o
 .debug_abbrev  0x00000308      0x10d atmel_start.o
 .debug_abbrev  0x00000415      0x142 Device_Startup/startup_samc21.o
 .debug_abbrev  0x00000557      0x38f driver_init.o
 .debug_abbrev  0x000008e6      0x1df drv/drv_can.o
 .debug_abbrev  0x00000ac5      0x254 examples/driver_examples.o
 .debug_abbrev  0x00000d19       0x73 freertos.o
 .debug_abbrev  0x00000d8c      0x221 FreeRtos_Source/list.o
 .debug_abbrev  0x00000fad      0x2ad FreeRtos_Source/portable/heap_4.o
 .debug_abbrev  0x0000125a      0x1c0 FreeRtos_Source/portable/port.o
 .debug_abbrev  0x0000141a      0x359 FreeRtos_Source/queue.o
 .debug_abbrev  0x00001773      0x38e FreeRtos_Source/tasks.o
 .debug_abbrev  0x00001b01      0x323 FreeRtos_Source/timers.o
 .debug_abbrev  0x00001e24      0x144 hal/src/hal_atomic.o
 .debug_abbrev  0x00001f68      0x18b hal/src/hal_can_async.o
 .debug_abbrev  0x000020f3      0x1c5 hal/src/hal_flash.o
 .debug_abbrev  0x000022b8      0x1b1 hal/src/hal_spi_m_sync.o
 .debug_abbrev  0x00002469      0x221 hal/src/hal_timer.o
 .debug_abbrev  0x0000268a       0x86 hal/utils/src/utils_assert.o
 .debug_abbrev  0x00002710      0x152 hal/utils/src/utils_list.o
 .debug_abbrev  0x00002862      0x48d hpl/can/hpl_can.o
 .debug_abbrev  0x00002cef      0x2c6 hpl/core/hpl_core_m0plus_base.o
 .debug_abbrev  0x00002fb5      0x1ce hpl/core/hpl_init.o
 .debug_abbrev  0x00003183      0x232 hpl/divas/hpl_divas.o
 .debug_abbrev  0x000033b5      0x19a hpl/gclk/hpl_gclk.o
 .debug_abbrev  0x0000354f      0x1ac hpl/mclk/hpl_mclk.o
 .debug_abbrev  0x000036fb      0x603 hpl/nvmctrl/hpl_nvmctrl.o
 .debug_abbrev  0x00003cfe      0x1d1 hpl/osc32kctrl/hpl_osc32kctrl.o
 .debug_abbrev  0x00003ecf      0x1f8 hpl/oscctrl/hpl_oscctrl.o
 .debug_abbrev  0x000040c7      0x593 hpl/sercom/hpl_sercom.o
 .debug_abbrev  0x0000465a      0x4f8 hpl/tc/hpl_tc.o
 .debug_abbrev  0x00004b52      0x33d hpl/wdt/hpl_wdt.o
 .debug_abbrev  0x00004e8f      0x127 main.o
 .debug_abbrev  0x00004fb6      0x308 Module_afe/AFE_opr.o
 .debug_abbrev  0x000052be      0x319 RTT/SEGGER_RTT.o
 .debug_abbrev  0x000055d7      0x2db RTT/SEGGER_RTT_printf.o

.debug_loc      0x00000000    0x19367
 .debug_loc     0x00000000       0xac app_comm/comm_opr.o
 .debug_loc     0x000000ac       0x20 atmel_start.o
 .debug_loc     0x000000cc       0x78 Device_Startup/startup_samc21.o
 .debug_loc     0x00000144      0xd6e driver_init.o
 .debug_loc     0x00000eb2       0xa5 drv/drv_can.o
 .debug_loc     0x00000f57      0x2de examples/driver_examples.o
 .debug_loc     0x00001235       0x40 freertos.o
 .debug_loc     0x00001275       0x90 FreeRtos_Source/list.o
 .debug_loc     0x00001305      0x30e FreeRtos_Source/portable/heap_4.o
 .debug_loc     0x00001613      0x126 FreeRtos_Source/portable/port.o
 .debug_loc     0x00001739     0x23b5 FreeRtos_Source/queue.o
 .debug_loc     0x00003aee     0x2811 FreeRtos_Source/tasks.o
 .debug_loc     0x000062ff      0xf24 FreeRtos_Source/timers.o
 .debug_loc     0x00007223       0x13 hal/src/hal_atomic.o
 .debug_loc     0x00007236      0x6c4 hal/src/hal_can_async.o
 .debug_loc     0x000078fa      0xd6e hal/src/hal_flash.o
 .debug_loc     0x00008668      0x728 hal/src/hal_spi_m_sync.o
 .debug_loc     0x00008d90      0x767 hal/src/hal_timer.o
 .debug_loc     0x000094f7      0x213 hal/utils/src/utils_list.o
 .debug_loc     0x0000970a      0xfcd hpl/can/hpl_can.o
 .debug_loc     0x0000a6d7      0x2a1 hpl/core/hpl_core_m0plus_base.o
 .debug_loc     0x0000a978       0x4c hpl/core/hpl_init.o
 .debug_loc     0x0000a9c4      0x2a5 hpl/divas/hpl_divas.o
 .debug_loc     0x0000ac69       0x72 hpl/gclk/hpl_gclk.o
 .debug_loc     0x0000acdb       0x2c hpl/mclk/hpl_mclk.o
 .debug_loc     0x0000ad07     0x1f24 hpl/nvmctrl/hpl_nvmctrl.o
 .debug_loc     0x0000cc2b       0xa5 hpl/osc32kctrl/hpl_osc32kctrl.o
 .debug_loc     0x0000ccd0       0x74 hpl/oscctrl/hpl_oscctrl.o
 .debug_loc     0x0000cd44     0x7d95 hpl/sercom/hpl_sercom.o
 .debug_loc     0x00014ad9      0xb73 hpl/tc/hpl_tc.o
 .debug_loc     0x0001564c      0x954 hpl/wdt/hpl_wdt.o
 .debug_loc     0x00015fa0       0x20 main.o
 .debug_loc     0x00015fc0       0xc0 Module_afe/AFE_opr.o
 .debug_loc     0x00016080     0x2a57 RTT/SEGGER_RTT.o
 .debug_loc     0x00018ad7      0x890 RTT/SEGGER_RTT_printf.o

.debug_aranges  0x00000000     0x1468
 .debug_aranges
                0x00000000       0x28 app_comm/comm_opr.o
 .debug_aranges
                0x00000028       0x20 atmel_start.o
 .debug_aranges
                0x00000048       0x28 Device_Startup/startup_samc21.o
 .debug_aranges
                0x00000070       0x88 driver_init.o
 .debug_aranges
                0x000000f8       0x30 drv/drv_can.o
 .debug_aranges
                0x00000128       0x98 examples/driver_examples.o
 .debug_aranges
                0x000001c0       0x28 freertos.o
 .debug_aranges
                0x000001e8       0x40 FreeRtos_Source/list.o
 .debug_aranges
                0x00000228       0x50 FreeRtos_Source/portable/heap_4.o
 .debug_aranges
                0x00000278       0x88 FreeRtos_Source/portable/port.o
 .debug_aranges
                0x00000300      0x160 FreeRtos_Source/queue.o
 .debug_aranges
                0x00000460      0x1f8 FreeRtos_Source/tasks.o
 .debug_aranges
                0x00000658       0xd0 FreeRtos_Source/timers.o
 .debug_aranges
                0x00000728       0x30 hal/src/hal_atomic.o
 .debug_aranges
                0x00000758       0x90 hal/src/hal_can_async.o
 .debug_aranges
                0x000007e8       0x90 hal/src/hal_flash.o
 .debug_aranges
                0x00000878       0x88 hal/src/hal_spi_m_sync.o
 .debug_aranges
                0x00000900       0x70 hal/src/hal_timer.o
 .debug_aranges
                0x00000970       0x20 hal/utils/src/utils_assert.o
 .debug_aranges
                0x00000990       0x48 hal/utils/src/utils_list.o
 .debug_aranges
                0x000009d8       0x80 hpl/can/hpl_can.o
 .debug_aranges
                0x00000a58       0x80 hpl/core/hpl_core_m0plus_base.o
 .debug_aranges
                0x00000ad8       0x20 hpl/core/hpl_init.o
 .debug_aranges
                0x00000af8       0x40 hpl/divas/hpl_divas.o
 .debug_aranges
                0x00000b38       0x28 hpl/gclk/hpl_gclk.o
 .debug_aranges
                0x00000b60       0x20 hpl/mclk/hpl_mclk.o
 .debug_aranges
                0x00000b80       0xf0 hpl/nvmctrl/hpl_nvmctrl.o
 .debug_aranges
                0x00000c70       0x20 hpl/osc32kctrl/hpl_osc32kctrl.o
 .debug_aranges
                0x00000c90       0x28 hpl/oscctrl/hpl_oscctrl.o
 .debug_aranges
                0x00000cb8      0x508 hpl/sercom/hpl_sercom.o
 .debug_aranges
                0x000011c0       0x90 hpl/tc/hpl_tc.o
 .debug_aranges
                0x00001250       0x50 hpl/wdt/hpl_wdt.o
 .debug_aranges
                0x000012a0       0x20 main.o
 .debug_aranges
                0x000012c0       0x28 Module_afe/AFE_opr.o
 .debug_aranges
                0x000012e8      0x140 RTT/SEGGER_RTT.o
 .debug_aranges
                0x00001428       0x40 RTT/SEGGER_RTT_printf.o

.debug_ranges   0x00000000     0x18e8
 .debug_ranges  0x00000000       0x18 app_comm/comm_opr.o
 .debug_ranges  0x00000018       0x10 atmel_start.o
 .debug_ranges  0x00000028       0x18 Device_Startup/startup_samc21.o
 .debug_ranges  0x00000040       0x78 driver_init.o
 .debug_ranges  0x000000b8       0x38 drv/drv_can.o
 .debug_ranges  0x000000f0       0xb8 examples/driver_examples.o
 .debug_ranges  0x000001a8       0x18 freertos.o
 .debug_ranges  0x000001c0       0x30 FreeRtos_Source/list.o
 .debug_ranges  0x000001f0       0x40 FreeRtos_Source/portable/heap_4.o
 .debug_ranges  0x00000230       0x78 FreeRtos_Source/portable/port.o
 .debug_ranges  0x000002a8      0x270 FreeRtos_Source/queue.o
 .debug_ranges  0x00000518      0x2d8 FreeRtos_Source/tasks.o
 .debug_ranges  0x000007f0       0xc0 FreeRtos_Source/timers.o
 .debug_ranges  0x000008b0       0x20 hal/src/hal_atomic.o
 .debug_ranges  0x000008d0       0x80 hal/src/hal_can_async.o
 .debug_ranges  0x00000950       0x80 hal/src/hal_flash.o
 .debug_ranges  0x000009d0       0x78 hal/src/hal_spi_m_sync.o
 .debug_ranges  0x00000a48       0x90 hal/src/hal_timer.o
 .debug_ranges  0x00000ad8       0x10 hal/utils/src/utils_assert.o
 .debug_ranges  0x00000ae8       0x38 hal/utils/src/utils_list.o
 .debug_ranges  0x00000b20       0x70 hpl/can/hpl_can.o
 .debug_ranges  0x00000b90       0x70 hpl/core/hpl_core_m0plus_base.o
 .debug_ranges  0x00000c00       0x10 hpl/core/hpl_init.o
 .debug_ranges  0x00000c10       0x30 hpl/divas/hpl_divas.o
 .debug_ranges  0x00000c40       0x18 hpl/gclk/hpl_gclk.o
 .debug_ranges  0x00000c58       0x10 hpl/mclk/hpl_mclk.o
 .debug_ranges  0x00000c68       0xf8 hpl/nvmctrl/hpl_nvmctrl.o
 .debug_ranges  0x00000d60       0x10 hpl/osc32kctrl/hpl_osc32kctrl.o
 .debug_ranges  0x00000d70       0x18 hpl/oscctrl/hpl_oscctrl.o
 .debug_ranges  0x00000d88      0x6c8 hpl/sercom/hpl_sercom.o
 .debug_ranges  0x00001450       0x98 hpl/tc/hpl_tc.o
 .debug_ranges  0x000014e8       0x40 hpl/wdt/hpl_wdt.o
 .debug_ranges  0x00001528       0x10 main.o
 .debug_ranges  0x00001538       0x18 Module_afe/AFE_opr.o
 .debug_ranges  0x00001550      0x368 RTT/SEGGER_RTT.o
 .debug_ranges  0x000018b8       0x30 RTT/SEGGER_RTT_printf.o

.debug_macro    0x00000000    0x23695
 .debug_macro   0x00000000      0x742 app_comm/comm_opr.o
 .debug_macro   0x00000742      0x89e app_comm/comm_opr.o
 .debug_macro   0x00000fe0      0x16d app_comm/comm_opr.o
 .debug_macro   0x0000114d       0x22 app_comm/comm_opr.o
 .debug_macro   0x0000116f       0x87 app_comm/comm_opr.o
 .debug_macro   0x000011f6       0x51 app_comm/comm_opr.o
 .debug_macro   0x00001247       0xef app_comm/comm_opr.o
 .debug_macro   0x00001336       0x6a app_comm/comm_opr.o
 .debug_macro   0x000013a0      0x1df app_comm/comm_opr.o
 .debug_macro   0x0000157f       0x5e app_comm/comm_opr.o
 .debug_macro   0x000015dd       0xf5 app_comm/comm_opr.o
 .debug_macro   0x000016d2      0x15a app_comm/comm_opr.o
 .debug_macro   0x0000182c       0xac app_comm/comm_opr.o
 .debug_macro   0x000018d8       0x1c app_comm/comm_opr.o
 .debug_macro   0x000018f4       0x26 app_comm/comm_opr.o
 .debug_macro   0x0000191a      0x4d3 app_comm/comm_opr.o
 .debug_macro   0x00001ded       0x22 app_comm/comm_opr.o
 .debug_macro   0x00001e0f       0x3f app_comm/comm_opr.o
 .debug_macro   0x00001e4e       0x1c app_comm/comm_opr.o
 .debug_macro   0x00001e6a       0x22 app_comm/comm_opr.o
 .debug_macro   0x00001e8c       0xb5 app_comm/comm_opr.o
 .debug_macro   0x00001f41      0x4da app_comm/comm_opr.o
 .debug_macro   0x0000241b      0x11f app_comm/comm_opr.o
 .debug_macro   0x0000253a      0x897 app_comm/comm_opr.o
 .debug_macro   0x00002dd1      0x8c0 app_comm/comm_opr.o
 .debug_macro   0x00003691     0x2d61 app_comm/comm_opr.o
 .debug_macro   0x000063f2      0x21e app_comm/comm_opr.o
 .debug_macro   0x00006610      0x282 app_comm/comm_opr.o
 .debug_macro   0x00006892      0x130 app_comm/comm_opr.o
 .debug_macro   0x000069c2      0xd32 app_comm/comm_opr.o
 .debug_macro   0x000076f4      0x61f app_comm/comm_opr.o
 .debug_macro   0x00007d13      0x5be app_comm/comm_opr.o
 .debug_macro   0x000082d1      0x824 app_comm/comm_opr.o
 .debug_macro   0x00008af5      0x172 app_comm/comm_opr.o
 .debug_macro   0x00008c67      0x306 app_comm/comm_opr.o
 .debug_macro   0x00008f6d      0x55f app_comm/comm_opr.o
 .debug_macro   0x000094cc      0x421 app_comm/comm_opr.o
 .debug_macro   0x000098ed      0x21c app_comm/comm_opr.o
 .debug_macro   0x00009b09      0x719 app_comm/comm_opr.o
 .debug_macro   0x0000a222      0x5ab app_comm/comm_opr.o
 .debug_macro   0x0000a7cd      0x335 app_comm/comm_opr.o
 .debug_macro   0x0000ab02      0x68d app_comm/comm_opr.o
 .debug_macro   0x0000b18f       0xc4 app_comm/comm_opr.o
 .debug_macro   0x0000b253      0x340 app_comm/comm_opr.o
 .debug_macro   0x0000b593       0x6a app_comm/comm_opr.o
 .debug_macro   0x0000b5fd     0x124b app_comm/comm_opr.o
 .debug_macro   0x0000c848      0x5a5 app_comm/comm_opr.o
 .debug_macro   0x0000cded      0xfc4 app_comm/comm_opr.o
 .debug_macro   0x0000ddb1      0x59e app_comm/comm_opr.o
 .debug_macro   0x0000e34f      0x8ae app_comm/comm_opr.o
 .debug_macro   0x0000ebfd     0x19be app_comm/comm_opr.o
 .debug_macro   0x000105bb      0x39c app_comm/comm_opr.o
 .debug_macro   0x00010957      0x36a app_comm/comm_opr.o
 .debug_macro   0x00010cc1       0x94 app_comm/comm_opr.o
 .debug_macro   0x00010d55       0xac app_comm/comm_opr.o
 .debug_macro   0x00010e01       0xac app_comm/comm_opr.o
 .debug_macro   0x00010ead      0x149 app_comm/comm_opr.o
 .debug_macro   0x00010ff6      0x149 app_comm/comm_opr.o
 .debug_macro   0x0001113f       0x4c app_comm/comm_opr.o
 .debug_macro   0x0001118b       0x58 app_comm/comm_opr.o
 .debug_macro   0x000111e3       0x3a app_comm/comm_opr.o
 .debug_macro   0x0001121d       0xd6 app_comm/comm_opr.o
 .debug_macro   0x000112f3       0xb8 app_comm/comm_opr.o
 .debug_macro   0x000113ab       0x64 app_comm/comm_opr.o
 .debug_macro   0x0001140f      0x5d7 app_comm/comm_opr.o
 .debug_macro   0x000119e6       0x4c app_comm/comm_opr.o
 .debug_macro   0x00011a32      0x1be app_comm/comm_opr.o
 .debug_macro   0x00011bf0      0x184 app_comm/comm_opr.o
 .debug_macro   0x00011d74       0x52 app_comm/comm_opr.o
 .debug_macro   0x00011dc6       0xa0 app_comm/comm_opr.o
 .debug_macro   0x00011e66       0xd6 app_comm/comm_opr.o
 .debug_macro   0x00011f3c       0x94 app_comm/comm_opr.o
 .debug_macro   0x00011fd0       0x4c app_comm/comm_opr.o
 .debug_macro   0x0001201c       0x64 app_comm/comm_opr.o
 .debug_macro   0x00012080       0x22 app_comm/comm_opr.o
 .debug_macro   0x000120a2      0x16c app_comm/comm_opr.o
 .debug_macro   0x0001220e       0x2e app_comm/comm_opr.o
 .debug_macro   0x0001223c       0x16 app_comm/comm_opr.o
 .debug_macro   0x00012252       0xd6 app_comm/comm_opr.o
 .debug_macro   0x00012328       0xa0 app_comm/comm_opr.o
 .debug_macro   0x000123c8      0x133 app_comm/comm_opr.o
 .debug_macro   0x000124fb      0x133 app_comm/comm_opr.o
 .debug_macro   0x0001262e      0x133 app_comm/comm_opr.o
 .debug_macro   0x00012761      0x133 app_comm/comm_opr.o
 .debug_macro   0x00012894      0x133 app_comm/comm_opr.o
 .debug_macro   0x000129c7      0x133 app_comm/comm_opr.o
 .debug_macro   0x00012afa       0x4c app_comm/comm_opr.o
 .debug_macro   0x00012b46       0xfa app_comm/comm_opr.o
 .debug_macro   0x00012c40       0xfa app_comm/comm_opr.o
 .debug_macro   0x00012d3a       0xfa app_comm/comm_opr.o
 .debug_macro   0x00012e34       0xfa app_comm/comm_opr.o
 .debug_macro   0x00012f2e       0xfa app_comm/comm_opr.o
 .debug_macro   0x00013028      0x124 app_comm/comm_opr.o
 .debug_macro   0x0001314c       0xfa app_comm/comm_opr.o
 .debug_macro   0x00013246       0xee app_comm/comm_opr.o
 .debug_macro   0x00013334       0x76 app_comm/comm_opr.o
 .debug_macro   0x000133aa       0x3a app_comm/comm_opr.o
 .debug_macro   0x000133e4      0x46b app_comm/comm_opr.o
 .debug_macro   0x0001384f     0x2678 app_comm/comm_opr.o
 .debug_macro   0x00015ec7       0x82 app_comm/comm_opr.o
 .debug_macro   0x00015f49       0x10 app_comm/comm_opr.o
 .debug_macro   0x00015f59       0x10 app_comm/comm_opr.o
 .debug_macro   0x00015f69       0x16 app_comm/comm_opr.o
 .debug_macro   0x00015f7f       0x16 app_comm/comm_opr.o
 .debug_macro   0x00015f95       0x16 app_comm/comm_opr.o
 .debug_macro   0x00015fab       0x16 app_comm/comm_opr.o
 .debug_macro   0x00015fc1       0x16 app_comm/comm_opr.o
 .debug_macro   0x00015fd7       0x16 app_comm/comm_opr.o
 .debug_macro   0x00015fed       0x16 app_comm/comm_opr.o
 .debug_macro   0x00016003       0x16 app_comm/comm_opr.o
 .debug_macro   0x00016019       0x16 app_comm/comm_opr.o
 .debug_macro   0x0001602f       0x16 app_comm/comm_opr.o
 .debug_macro   0x00016045       0x16 app_comm/comm_opr.o
 .debug_macro   0x0001605b       0x16 app_comm/comm_opr.o
 .debug_macro   0x00016071       0x16 app_comm/comm_opr.o
 .debug_macro   0x00016087       0x16 app_comm/comm_opr.o
 .debug_macro   0x0001609d       0x16 app_comm/comm_opr.o
 .debug_macro   0x000160b3       0x16 app_comm/comm_opr.o
 .debug_macro   0x000160c9       0x16 app_comm/comm_opr.o
 .debug_macro   0x000160df       0x16 app_comm/comm_opr.o
 .debug_macro   0x000160f5       0x16 app_comm/comm_opr.o
 .debug_macro   0x0001610b       0x16 app_comm/comm_opr.o
 .debug_macro   0x00016121       0x16 app_comm/comm_opr.o
 .debug_macro   0x00016137      0x262 app_comm/comm_opr.o
 .debug_macro   0x00016399       0x16 app_comm/comm_opr.o
 .debug_macro   0x000163af       0x94 app_comm/comm_opr.o
 .debug_macro   0x00016443       0x16 app_comm/comm_opr.o
 .debug_macro   0x00016459       0xbe app_comm/comm_opr.o
 .debug_macro   0x00016517      0x28c app_comm/comm_opr.o
 .debug_macro   0x000167a3       0x16 app_comm/comm_opr.o
 .debug_macro   0x000167b9       0x16 app_comm/comm_opr.o
 .debug_macro   0x000167cf       0xca app_comm/comm_opr.o
 .debug_macro   0x00016899       0x1c app_comm/comm_opr.o
 .debug_macro   0x000168b5       0x16 app_comm/comm_opr.o
 .debug_macro   0x000168cb       0xcf app_comm/comm_opr.o
 .debug_macro   0x0001699a       0x6a app_comm/comm_opr.o
 .debug_macro   0x00016a04       0xc9 app_comm/comm_opr.o
 .debug_macro   0x00016acd       0xb5 app_comm/comm_opr.o
 .debug_macro   0x00016b82       0xaa app_comm/comm_opr.o
 .debug_macro   0x00016c2c      0x6b5 atmel_start.o
 .debug_macro   0x000172e1      0x3ba Device_Startup/startup_samc21.o
 .debug_macro   0x0001769b       0x39 Device_Startup/startup_samc21.o
 .debug_macro   0x000176d4      0x6b4 driver_init.o
 .debug_macro   0x00017d88      0x6b5 drv/drv_can.o
 .debug_macro   0x0001843d      0x736 examples/driver_examples.o
 .debug_macro   0x00018b73       0x15 freertos.o
 .debug_macro   0x00018b88      0x18a FreeRtos_Source/list.o
 .debug_macro   0x00018d12       0x52 FreeRtos_Source/list.o
 .debug_macro   0x00018d64       0x8d FreeRtos_Source/list.o
 .debug_macro   0x00018df1       0x35 FreeRtos_Source/list.o
 .debug_macro   0x00018e26       0x9c FreeRtos_Source/list.o
 .debug_macro   0x00018ec2       0x16 FreeRtos_Source/list.o
 .debug_macro   0x00018ed8      0x10e FreeRtos_Source/list.o
 .debug_macro   0x00018fe6       0x86 FreeRtos_Source/list.o
 .debug_macro   0x0001906c       0x57 FreeRtos_Source/list.o
 .debug_macro   0x000190c3       0x58 FreeRtos_Source/list.o
 .debug_macro   0x0001911b       0x1f FreeRtos_Source/list.o
 .debug_macro   0x0001913a       0x43 FreeRtos_Source/list.o
 .debug_macro   0x0001917d       0x20 FreeRtos_Source/list.o
 .debug_macro   0x0001919d      0x187 FreeRtos_Source/list.o
 .debug_macro   0x00019324      0x353 FreeRtos_Source/list.o
 .debug_macro   0x00019677       0x16 FreeRtos_Source/list.o
 .debug_macro   0x0001968d       0x29 FreeRtos_Source/list.o
 .debug_macro   0x000196b6      0x1b1 FreeRtos_Source/portable/heap_4.o
 .debug_macro   0x00019867      0x133 FreeRtos_Source/portable/port.o
 .debug_macro   0x0001999a      0x20a FreeRtos_Source/queue.o
 .debug_macro   0x00019ba4       0x16 FreeRtos_Source/queue.o
 .debug_macro   0x00019bba       0x35 FreeRtos_Source/queue.o
 .debug_macro   0x00019bef       0x80 FreeRtos_Source/queue.o
 .debug_macro   0x00019c6f      0x32a FreeRtos_Source/tasks.o
 .debug_macro   0x00019f99       0x91 FreeRtos_Source/tasks.o
 .debug_macro   0x0001a02a       0x10 FreeRtos_Source/tasks.o
 .debug_macro   0x0001a03a       0x1c FreeRtos_Source/tasks.o
 .debug_macro   0x0001a056       0x10 FreeRtos_Source/tasks.o
 .debug_macro   0x0001a066       0x10 FreeRtos_Source/tasks.o
 .debug_macro   0x0001a076       0x1c FreeRtos_Source/tasks.o
 .debug_macro   0x0001a092       0x52 FreeRtos_Source/tasks.o
 .debug_macro   0x0001a0e4       0x40 FreeRtos_Source/tasks.o
 .debug_macro   0x0001a124       0x10 FreeRtos_Source/tasks.o
 .debug_macro   0x0001a134       0x40 FreeRtos_Source/tasks.o
 .debug_macro   0x0001a174       0xd7 FreeRtos_Source/tasks.o
 .debug_macro   0x0001a24b       0x16 FreeRtos_Source/tasks.o
 .debug_macro   0x0001a261      0x18b FreeRtos_Source/tasks.o
 .debug_macro   0x0001a3ec      0x1df FreeRtos_Source/timers.o
 .debug_macro   0x0001a5cb       0x97 FreeRtos_Source/timers.o
 .debug_macro   0x0001a662      0x53a hal/src/hal_atomic.o
 .debug_macro   0x0001ab9c      0x580 hal/src/hal_can_async.o
 .debug_macro   0x0001b11c       0x10 hal/src/hal_can_async.o
 .debug_macro   0x0001b12c      0x56f hal/src/hal_flash.o
 .debug_macro   0x0001b69b      0x597 hal/src/hal_spi_m_sync.o
 .debug_macro   0x0001bc32      0x586 hal/src/hal_timer.o
 .debug_macro   0x0001c1b8      0x544 hal/utils/src/utils_assert.o
 .debug_macro   0x0001c6fc      0x549 hal/utils/src/utils_list.o
 .debug_macro   0x0001cc45      0x649 hpl/can/hpl_can.o
 .debug_macro   0x0001d28e      0x2cc hpl/can/hpl_can.o
 .debug_macro   0x0001d55a       0x9e hpl/can/hpl_can.o
 .debug_macro   0x0001d5f8      0x59a hpl/core/hpl_core_m0plus_base.o
 .debug_macro   0x0001db92      0x5c9 hpl/core/hpl_init.o
 .debug_macro   0x0001e15b       0x1c hpl/core/hpl_init.o
 .debug_macro   0x0001e177      0x772 hpl/core/hpl_init.o
 .debug_macro   0x0001e8e9      0x562 hpl/divas/hpl_divas.o
 .debug_macro   0x0001ee4b      0x553 hpl/gclk/hpl_gclk.o
 .debug_macro   0x0001f39e      0x1f4 hpl/gclk/hpl_gclk.o
 .debug_macro   0x0001f592      0x54e hpl/mclk/hpl_mclk.o
 .debug_macro   0x0001fae0      0x69c hpl/nvmctrl/hpl_nvmctrl.o
 .debug_macro   0x0002017c       0x1c hpl/nvmctrl/hpl_nvmctrl.o
 .debug_macro   0x00020198      0x549 hpl/osc32kctrl/hpl_osc32kctrl.o
 .debug_macro   0x000206e1       0xb8 hpl/osc32kctrl/hpl_osc32kctrl.o
 .debug_macro   0x00020799      0x549 hpl/oscctrl/hpl_oscctrl.o
 .debug_macro   0x00020ce2      0x130 hpl/oscctrl/hpl_oscctrl.o
 .debug_macro   0x00020e12      0x79c hpl/sercom/hpl_sercom.o
 .debug_macro   0x000215ae       0x70 hpl/sercom/hpl_sercom.o
 .debug_macro   0x0002161e       0x94 hpl/sercom/hpl_sercom.o
 .debug_macro   0x000216b2       0x10 hpl/sercom/hpl_sercom.o
 .debug_macro   0x000216c2       0x1c hpl/sercom/hpl_sercom.o
 .debug_macro   0x000216de       0x22 hpl/sercom/hpl_sercom.o
 .debug_macro   0x00021700       0x10 hpl/sercom/hpl_sercom.o
 .debug_macro   0x00021710      0x5bb hpl/tc/hpl_tc.o
 .debug_macro   0x00021ccb       0x10 hpl/tc/hpl_tc.o
 .debug_macro   0x00021cdb      0x116 hpl/tc/hpl_tc.o
 .debug_macro   0x00021df1      0x5ac hpl/wdt/hpl_wdt.o
 .debug_macro   0x0002239d       0x1c hpl/wdt/hpl_wdt.o
 .debug_macro   0x000223b9      0x6ba main.o
 .debug_macro   0x00022a73      0x742 Module_afe/AFE_opr.o
 .debug_macro   0x000231b5      0x1a2 RTT/SEGGER_RTT.o
 .debug_macro   0x00023357       0x49 RTT/SEGGER_RTT.o
 .debug_macro   0x000233a0       0x35 RTT/SEGGER_RTT.o
 .debug_macro   0x000233d5       0x58 RTT/SEGGER_RTT.o
 .debug_macro   0x0002342d      0x131 RTT/SEGGER_RTT.o
 .debug_macro   0x0002355e      0x137 RTT/SEGGER_RTT_printf.o

.debug_line     0x00000000    0x19fe9
 .debug_line    0x00000000      0xd66 app_comm/comm_opr.o
 .debug_line    0x00000d66      0xc3b atmel_start.o
 .debug_line    0x000019a1      0x736 Device_Startup/startup_samc21.o
 .debug_line    0x000020d7      0xe58 driver_init.o
 .debug_line    0x00002f2f      0xc87 drv/drv_can.o
 .debug_line    0x00003bb6      0xecb examples/driver_examples.o
 .debug_line    0x00004a81       0x62 freertos.o
 .debug_line    0x00004ae3      0x3f5 FreeRtos_Source/list.o
 .debug_line    0x00004ed8      0x492 FreeRtos_Source/portable/heap_4.o
 .debug_line    0x0000536a      0x420 FreeRtos_Source/portable/port.o
 .debug_line    0x0000578a      0xb68 FreeRtos_Source/queue.o
 .debug_line    0x000062f2      0xff4 FreeRtos_Source/tasks.o
 .debug_line    0x000072e6      0x688 FreeRtos_Source/timers.o
 .debug_line    0x0000796e      0xa62 hal/src/hal_atomic.o
 .debug_line    0x000083d0      0xbd1 hal/src/hal_can_async.o
 .debug_line    0x00008fa1      0xca5 hal/src/hal_flash.o
 .debug_line    0x00009c46      0xbe0 hal/src/hal_spi_m_sync.o
 .debug_line    0x0000a826      0xc00 hal/src/hal_timer.o
 .debug_line    0x0000b426      0xa2c hal/utils/src/utils_assert.o
 .debug_line    0x0000be52      0xac5 hal/utils/src/utils_list.o
 .debug_line    0x0000c917      0xfdf hpl/can/hpl_can.o
 .debug_line    0x0000d8f6      0xc00 hpl/core/hpl_core_m0plus_base.o
 .debug_line    0x0000e4f6      0xb19 hpl/core/hpl_init.o
 .debug_line    0x0000f00f      0xb34 hpl/divas/hpl_divas.o
 .debug_line    0x0000fb43      0xa7e hpl/gclk/hpl_gclk.o
 .debug_line    0x000105c1      0xa54 hpl/mclk/hpl_mclk.o
 .debug_line    0x00011015     0x1143 hpl/nvmctrl/hpl_nvmctrl.o
 .debug_line    0x00012158      0xa6a hpl/osc32kctrl/hpl_osc32kctrl.o
 .debug_line    0x00012bc2      0xa9b hpl/oscctrl/hpl_oscctrl.o
 .debug_line    0x0001365d     0x29b3 hpl/sercom/hpl_sercom.o
 .debug_line    0x00016010      0xdcf hpl/tc/hpl_tc.o
 .debug_line    0x00016ddf      0xc96 hpl/wdt/hpl_wdt.o
 .debug_line    0x00017a75      0xc3b main.o
 .debug_line    0x000186b0      0xd67 Module_afe/AFE_opr.o
 .debug_line    0x00019417      0x7c9 RTT/SEGGER_RTT.o
 .debug_line    0x00019be0      0x409 RTT/SEGGER_RTT_printf.o

.debug_str      0x00000000    0xa4a2d
 .debug_str     0x00000000    0x8dccc app_comm/comm_opr.o
                              0x8e918 (size before relaxing)
 .debug_str     0x0008dccc       0x30 atmel_start.o
                              0x8a8c0 (size before relaxing)
 .debug_str     0x0008dcfc      0x3e2 Device_Startup/startup_samc21.o
                              0x84cbc (size before relaxing)
 .debug_str     0x0008e0de     0x1d5d driver_init.o
                              0x8cbce (size before relaxing)
 .debug_str     0x0008fe3b      0x127 drv/drv_can.o
                              0x8aa24 (size before relaxing)
 .debug_str     0x0008ff62      0x277 examples/driver_examples.o
                              0x8e97d (size before relaxing)
 .debug_str     0x000901d9       0x4e freertos.o
                               0x24ee (size before relaxing)
 .debug_str     0x00090227     0x2e2c FreeRtos_Source/list.o
                               0x9b96 (size before relaxing)
 .debug_str     0x00093053      0x2a2 FreeRtos_Source/portable/heap_4.o
                               0xa36d (size before relaxing)
 .debug_str     0x000932f5      0x3f2 FreeRtos_Source/portable/port.o
                               0x77a5 (size before relaxing)
 .debug_str     0x000936e7     0x1178 FreeRtos_Source/queue.o
                               0xb4d1 (size before relaxing)
 .debug_str     0x0009485f     0x2b09 FreeRtos_Source/tasks.o
                               0xd152 (size before relaxing)
 .debug_str     0x00097368      0x4e5 FreeRtos_Source/timers.o
                               0xb7d2 (size before relaxing)
 .debug_str     0x0009784d       0x9c hal/src/hal_atomic.o
                              0x8942d (size before relaxing)
 .debug_str     0x000978e9      0x15b hal/src/hal_can_async.o
                              0x89d29 (size before relaxing)
 .debug_str     0x00097a44      0x191 hal/src/hal_flash.o
                              0x89c65 (size before relaxing)
 .debug_str     0x00097bd5      0x2d2 hal/src/hal_spi_m_sync.o
                              0x89dc7 (size before relaxing)
 .debug_str     0x00097ea7      0x263 hal/src/hal_timer.o
                              0x89d6c (size before relaxing)
 .debug_str     0x0009810a       0x2a hal/utils/src/utils_assert.o
                              0x8943d (size before relaxing)
 .debug_str     0x00098134       0x31 hal/utils/src/utils_list.o
                              0x894e7 (size before relaxing)
 .debug_str     0x00098165     0x1e0a hpl/can/hpl_can.o
                              0x8f271 (size before relaxing)
 .debug_str     0x00099f6f      0x189 hpl/core/hpl_core_m0plus_base.o
                              0x89f95 (size before relaxing)
 .debug_str     0x0009a0f8     0x1968 hpl/core/hpl_init.o
                              0x8ba5d (size before relaxing)
 .debug_str     0x0009ba60      0x27b hpl/divas/hpl_divas.o
                              0x896ae (size before relaxing)
 .debug_str     0x0009bcdb      0x81b hpl/gclk/hpl_gclk.o
                              0x89d72 (size before relaxing)
 .debug_str     0x0009c4f6       0x47 hpl/mclk/hpl_mclk.o
                              0x898c6 (size before relaxing)
 .debug_str     0x0009c53d      0x8c7 hpl/nvmctrl/hpl_nvmctrl.o
                              0x8d4d4 (size before relaxing)
 .debug_str     0x0009ce04      0x51f hpl/osc32kctrl/hpl_osc32kctrl.o
                              0x8994d (size before relaxing)
 .debug_str     0x0009d323      0x8db hpl/oscctrl/hpl_oscctrl.o
                              0x89d6d (size before relaxing)
 .debug_str     0x0009dbfe     0x4817 hpl/sercom/hpl_sercom.o
                              0x8f0d6 (size before relaxing)
 .debug_str     0x000a2415      0xc70 hpl/tc/hpl_tc.o
                              0x8af3a (size before relaxing)
 .debug_str     0x000a3085      0x425 hpl/wdt/hpl_wdt.o
                              0x899df (size before relaxing)
 .debug_str     0x000a34aa        0xc main.o
                              0x8a8da (size before relaxing)
 .debug_str     0x000a34b6       0x9e Module_afe/AFE_opr.o
                              0x8e913 (size before relaxing)
 .debug_str     0x000a3554     0x1378 RTT/SEGGER_RTT.o
                               0x6d4d (size before relaxing)
 .debug_str     0x000a48cc      0x161 RTT/SEGGER_RTT_printf.o
                               0x6789 (size before relaxing)

.debug_frame    0x00000000     0x36cc
 .debug_frame   0x00000000       0x44 app_comm/comm_opr.o
 .debug_frame   0x00000044       0x28 atmel_start.o
 .debug_frame   0x0000006c       0x38 Device_Startup/startup_samc21.o
 .debug_frame   0x000000a4      0x15c driver_init.o
 .debug_frame   0x00000200       0x64 drv/drv_can.o
 .debug_frame   0x00000264      0x198 examples/driver_examples.o
 .debug_frame   0x000003fc       0x40 freertos.o
 .debug_frame   0x0000043c       0x6c FreeRtos_Source/list.o
 .debug_frame   0x000004a8       0xa8 FreeRtos_Source/portable/heap_4.o
 .debug_frame   0x00000550      0x10c FreeRtos_Source/portable/port.o
 .debug_frame   0x0000065c      0x410 FreeRtos_Source/queue.o
 .debug_frame   0x00000a6c      0x614 FreeRtos_Source/tasks.o
 .debug_frame   0x00001080      0x24c FreeRtos_Source/timers.o
 .debug_frame   0x000012cc       0x40 hal/src/hal_atomic.o
 .debug_frame   0x0000130c      0x18c hal/src/hal_can_async.o
 .debug_frame   0x00001498      0x1b8 hal/src/hal_flash.o
 .debug_frame   0x00001650      0x188 hal/src/hal_spi_m_sync.o
 .debug_frame   0x000017d8      0x13c hal/src/hal_timer.o
 .debug_frame   0x00001914       0x20 hal/utils/src/utils_assert.o
 .debug_frame   0x00001934       0x88 hal/utils/src/utils_list.o
 .debug_frame   0x000019bc      0x148 hpl/can/hpl_can.o
 .debug_frame   0x00001b04       0xfc hpl/core/hpl_core_m0plus_base.o
 .debug_frame   0x00001c00       0x28 hpl/core/hpl_init.o
 .debug_frame   0x00001c28       0x90 hpl/divas/hpl_divas.o
 .debug_frame   0x00001cb8       0x30 hpl/gclk/hpl_gclk.o
 .debug_frame   0x00001ce8       0x20 hpl/mclk/hpl_mclk.o
 .debug_frame   0x00001d08      0x2dc hpl/nvmctrl/hpl_nvmctrl.o
 .debug_frame   0x00001fe4       0x20 hpl/osc32kctrl/hpl_osc32kctrl.o
 .debug_frame   0x00002004       0x30 hpl/oscctrl/hpl_oscctrl.o
 .debug_frame   0x00002034      0xe9c hpl/sercom/hpl_sercom.o
 .debug_frame   0x00002ed0      0x140 hpl/tc/hpl_tc.o
 .debug_frame   0x00003010       0xc0 hpl/wdt/hpl_wdt.o
 .debug_frame   0x000030d0       0x28 main.o
 .debug_frame   0x000030f8       0x44 Module_afe/AFE_opr.o
 .debug_frame   0x0000313c      0x45c RTT/SEGGER_RTT.o
 .debug_frame   0x00003598       0xc0 RTT/SEGGER_RTT_printf.o
 .debug_frame   0x00003658       0x2c e:/microchip studio/7.0/toolchain/arm/arm-gnu-toolchain/bin/../lib/gcc/arm-none-eabi/6.3.1/../../../../arm-none-eabi/lib/thumb/v6-m\libc_nano.a(lib_a-init.o)
 .debug_frame   0x00003684       0x28 e:/microchip studio/7.0/toolchain/arm/arm-gnu-toolchain/bin/../lib/gcc/arm-none-eabi/6.3.1/../../../../arm-none-eabi/lib/thumb/v6-m\libc_nano.a(lib_a-memcpy-stub.o)
 .debug_frame   0x000036ac       0x20 e:/microchip studio/7.0/toolchain/arm/arm-gnu-toolchain/bin/../lib/gcc/arm-none-eabi/6.3.1/../../../../arm-none-eabi/lib/thumb/v6-m\libc_nano.a(lib_a-memset.o)
